
0x08-String-Ops/b.bin:     file format elf64-x86-64

Contents of section .note.gnu.build-id:
 0350 04000000 14000000 03000000 474e5500  ............GNU.
 0360 df4aa705 2c21e6b4 4619530e efefd2f2  .J..,!..F.S.....
 0370 834f2bbc                             .O+.            
Contents of section .interp:
 0374 2f6c6962 36342f6c 642d6c69 6e75782d  /lib64/ld-linux-
 0384 7838362d 36342e73 6f2e3200           x86-64.so.2.    
Contents of section .gnu.hash:
 0390 02000000 07000000 01000000 06000000  ................
 03a0 00008100 00000000 07000000 00000000  ................
 03b0 d165ce6d                             .e.m            
Contents of section .dynsym:
 03b8 00000000 00000000 00000000 00000000  ................
 03c8 00000000 00000000 06000000 12000000  ................
 03d8 00000000 00000000 00000000 00000000  ................
 03e8 4f000000 20000000 00000000 00000000  O... ...........
 03f8 00000000 00000000 01000000 12000000  ................
 0408 00000000 00000000 00000000 00000000  ................
 0418 27000000 12000000 00000000 00000000  '...............
 0428 00000000 00000000 6b000000 20000000  ........k... ...
 0438 00000000 00000000 00000000 00000000  ................
 0448 7a000000 20000000 00000000 00000000  z... ...........
 0458 00000000 00000000 18000000 22000000  ............"...
 0468 00000000 00000000 00000000 00000000  ................
Contents of section .dynstr:
 0478 00707574 73005f5f 6c696263 5f737461  .puts.__libc_sta
 0488 72745f6d 61696e00 5f5f6378 615f6669  rt_main.__cxa_fi
 0498 6e616c69 7a650073 7472636d 70006c69  nalize.strcmp.li
 04a8 62632e73 6f2e3600 474c4942 435f322e  bc.so.6.GLIBC_2.
 04b8 322e3500 474c4942 435f322e 3334005f  2.5.GLIBC_2.34._
 04c8 49544d5f 64657265 67697374 6572544d  ITM_deregisterTM
 04d8 436c6f6e 65546162 6c65005f 5f676d6f  CloneTable.__gmo
 04e8 6e5f7374 6172745f 5f005f49 544d5f72  n_start__._ITM_r
 04f8 65676973 74657254 4d436c6f 6e655461  egisterTMCloneTa
 0508 626c6500                             ble.            
Contents of section .gnu.version:
 050c 00000200 00000300 03000000 00000300  ................
Contents of section .gnu.version_r:
 0520 01000200 2e000000 10000000 00000000  ................
 0530 751a6909 00000300 38000000 10000000  u.i.....8.......
 0540 b4919606 00000200 44000000 00000000  ........D.......
Contents of section .rela.dyn:
 0550 d03d0000 00000000 08000000 00000000  .=..............
 0560 40110000 00000000 d83d0000 00000000  @........=......
 0570 08000000 00000000 00110000 00000000  ................
 0580 18400000 00000000 08000000 00000000  .@..............
 0590 18400000 00000000 c03f0000 00000000  .@.......?......
 05a0 06000000 01000000 00000000 00000000  ................
 05b0 c83f0000 00000000 06000000 02000000  .?..............
 05c0 00000000 00000000 d03f0000 00000000  .........?......
 05d0 06000000 05000000 00000000 00000000  ................
 05e0 d83f0000 00000000 06000000 06000000  .?..............
 05f0 00000000 00000000 e03f0000 00000000  .........?......
 0600 06000000 07000000 00000000 00000000  ................
Contents of section .rela.plt:
 0610 00400000 00000000 07000000 03000000  .@..............
 0620 00000000 00000000 08400000 00000000  .........@......
 0630 07000000 04000000 00000000 00000000  ................
Contents of section .init:
 1000 4883ec08 488b05c5 2f000048 85c07402  H...H.../..H..t.
 1010 ffd04883 c408c3                      ..H....         
Contents of section .plt:
 1020 ff35ca2f 0000ff25 cc2f0000 0f1f4000  .5./...%./....@.
 1030 ff25ca2f 00006800 000000e9 e0ffffff  .%./..h.........
 1040 ff25c22f 00006801 000000e9 d0ffffff  .%./..h.........
Contents of section .plt.got:
 1050 ff258a2f 00006690                    .%./..f.        
Contents of section .text:
 1060 31ed4989 d15e4889 e24883e4 f0505445  1.I..^H..H...PTE
 1070 31c031c9 488d3d02 010000ff 153f2f00  1.1.H.=......?/.
 1080 00f4662e 0f1f8400 00000000 0f1f4000  ..f...........@.
 1090 488d3d89 2f000048 8d05822f 00004839  H.=./..H.../..H9
 10a0 f8741548 8b051e2f 00004885 c07409ff  .t.H.../..H..t..
 10b0 e00f1f80 00000000 c30f1f80 00000000  ................
 10c0 488d3d59 2f000048 8d35522f 00004829  H.=Y/..H.5R/..H)
 10d0 fe4889f0 48c1ee3f 48c1f803 4801c648  .H..H..?H...H..H
 10e0 d1fe7414 488b05ed 2e000048 85c07408  ..t.H......H..t.
 10f0 ffe0660f 1f440000 c30f1f80 00000000  ..f..D..........
 1100 f30f1efa 803d152f 00000075 2b554883  .....=./...u+UH.
 1110 3dca2e00 00004889 e5740c48 8b3df62e  =.....H..t.H.=..
 1120 0000e829 ffffffe8 64ffffff c605ed2e  ...)....d.......
 1130 0000015d c30f1f00 c30f1f80 00000000  ...]............
 1140 f30f1efa e977ffff ff554889 e54883ec  .....w...UH..H..
 1150 1048897d f8488d15 a80e0000 488b45f8  .H.}.H......H.E.
 1160 4889d648 89c7e8d5 feffff85 c07507b8  H..H.........u..
 1170 01000000 eb05b800 000000c9 c3554889  .............UH.
 1180 e54883ec 10c745f6 43583333 66c745fa  .H....E.CX33f.E.
 1190 3100488d 45f64889 c7e8abff ffff8945  1.H.E.H........E
 11a0 fc837dfc 01750f48 8d055c0e 00004889  ..}..u.H..\...H.
 11b0 c7e87afe ffffb800 000000c9 c3        ..z..........   
Contents of section .fini:
 11c0 4883ec08 4883c408 c3                 H...H....       
Contents of section .rodata:
 2000 01000200 43583333 30004865 79204358  ....CX330.Hey CX
 2010 33333021 00                          330!.           
Contents of section .eh_frame_hdr:
 2018 011b033b 34000000 05000000 08f0ffff  ...;4...........
 2028 80000000 38f0ffff a8000000 48f0ffff  ....8.......H...
 2038 50000000 31f1ffff c0000000 65f1ffff  P...1.......e...
 2048 e0000000                             ....            
Contents of section .eh_frame:
 2050 14000000 00000000 017a5200 01781001  .........zR..x..
 2060 1b0c0708 90010710 14000000 1c000000  ................
 2070 f0efffff 22000000 00000000 00000000  ...."...........
 2080 14000000 00000000 017a5200 01781001  .........zR..x..
 2090 1b0c0708 90010000 24000000 1c000000  ........$.......
 20a0 80efffff 30000000 000e1046 0e184a0f  ....0......F..J.
 20b0 0b770880 003f1a3b 2a332422 00000000  .w...?.;*3$"....
 20c0 14000000 44000000 88efffff 08000000  ....D...........
 20d0 00000000 00000000 1c000000 5c000000  ............\...
 20e0 69f0ffff 34000000 00410e10 8602430d  i...4....A....C.
 20f0 066f0c07 08000000 1c000000 7c000000  .o..........|...
 2100 7df0ffff 40000000 00410e10 8602430d  }...@....A....C.
 2110 067b0c07 08000000 00000000           .{..........    
Contents of section .note.gnu.property:
 2120 04000000 10000000 05000000 474e5500  ............GNU.
 2130 028000c0 04000000 01000000 00000000  ................
Contents of section .note.ABI-tag:
 2140 04000000 10000000 01000000 474e5500  ............GNU.
 2150 00000000 03000000 02000000 00000000  ................
Contents of section .init_array:
 3dd0 40110000 00000000                    @.......        
Contents of section .fini_array:
 3dd8 00110000 00000000                    ........        
Contents of section .dynamic:
 3de0 01000000 00000000 2e000000 00000000  ................
 3df0 0c000000 00000000 00100000 00000000  ................
 3e00 0d000000 00000000 c0110000 00000000  ................
 3e10 19000000 00000000 d03d0000 00000000  .........=......
 3e20 1b000000 00000000 08000000 00000000  ................
 3e30 1a000000 00000000 d83d0000 00000000  .........=......
 3e40 1c000000 00000000 08000000 00000000  ................
 3e50 f5feff6f 00000000 90030000 00000000  ...o............
 3e60 05000000 00000000 78040000 00000000  ........x.......
 3e70 06000000 00000000 b8030000 00000000  ................
 3e80 0a000000 00000000 94000000 00000000  ................
 3e90 0b000000 00000000 18000000 00000000  ................
 3ea0 15000000 00000000 00000000 00000000  ................
 3eb0 03000000 00000000 e83f0000 00000000  .........?......
 3ec0 02000000 00000000 30000000 00000000  ........0.......
 3ed0 14000000 00000000 07000000 00000000  ................
 3ee0 17000000 00000000 10060000 00000000  ................
 3ef0 07000000 00000000 50050000 00000000  ........P.......
 3f00 08000000 00000000 c0000000 00000000  ................
 3f10 09000000 00000000 18000000 00000000  ................
 3f20 fbffff6f 00000000 00000008 00000000  ...o............
 3f30 feffff6f 00000000 20050000 00000000  ...o.... .......
 3f40 ffffff6f 00000000 01000000 00000000  ...o............
 3f50 f0ffff6f 00000000 0c050000 00000000  ...o............
 3f60 f9ffff6f 00000000 03000000 00000000  ...o............
 3f70 00000000 00000000 00000000 00000000  ................
 3f80 00000000 00000000 00000000 00000000  ................
 3f90 00000000 00000000 00000000 00000000  ................
 3fa0 00000000 00000000 00000000 00000000  ................
 3fb0 00000000 00000000 00000000 00000000  ................
Contents of section .got:
 3fc0 00000000 00000000 00000000 00000000  ................
 3fd0 00000000 00000000 00000000 00000000  ................
 3fe0 00000000 00000000                    ........        
Contents of section .got.plt:
 3fe8 e03d0000 00000000 00000000 00000000  .=..............
 3ff8 00000000 00000000 36100000 00000000  ........6.......
 4008 46100000 00000000                    F.......        
Contents of section .data:
 4010 00000000 00000000 18400000 00000000  .........@......
Contents of section .comment:
 0000 4743433a 20284465 6269616e 2031352e  GCC: (Debian 15.
 0010 332e302d 32292031 352e332e 3000      3.0-2) 15.3.0.  

Disassembly of section .init:

0000000000001000 <_init>:
    1000:	sub    rsp,0x8
    1004:	mov    rax,QWORD PTR [rip+0x2fc5]        # 3fd0 <__gmon_start__>
    100b:	test   rax,rax
    100e:	je     1012 <_init+0x12>
    1010:	call   rax
    1012:	add    rsp,0x8
    1016:	ret

Disassembly of section .plt:

0000000000001020 <puts@plt-0x10>:
    1020:	push   QWORD PTR [rip+0x2fca]        # 3ff0 <_GLOBAL_OFFSET_TABLE_+0x8>
    1026:	jmp    QWORD PTR [rip+0x2fcc]        # 3ff8 <_GLOBAL_OFFSET_TABLE_+0x10>
    102c:	nop    DWORD PTR [rax+0x0]

0000000000001030 <puts@plt>:
    1030:	jmp    QWORD PTR [rip+0x2fca]        # 4000 <puts@GLIBC_2.2.5>
    1036:	push   0x0
    103b:	jmp    1020 <_init+0x20>

0000000000001040 <strcmp@plt>:
    1040:	jmp    QWORD PTR [rip+0x2fc2]        # 4008 <strcmp@GLIBC_2.2.5>
    1046:	push   0x1
    104b:	jmp    1020 <_init+0x20>

Disassembly of section .plt.got:

0000000000001050 <__cxa_finalize@plt>:
    1050:	jmp    QWORD PTR [rip+0x2f8a]        # 3fe0 <__cxa_finalize@GLIBC_2.2.5>
    1056:	xchg   ax,ax

Disassembly of section .text:

0000000000001060 <_start>:
    1060:	xor    ebp,ebp
    1062:	mov    r9,rdx
    1065:	pop    rsi
    1066:	mov    rdx,rsp
    1069:	and    rsp,0xfffffffffffffff0
    106d:	push   rax
    106e:	push   rsp
    106f:	xor    r8d,r8d
    1072:	xor    ecx,ecx
    1074:	lea    rdi,[rip+0x102]        # 117d <main>
    107b:	call   QWORD PTR [rip+0x2f3f]        # 3fc0 <__libc_start_main@GLIBC_2.34>
    1081:	hlt
    1082:	cs nop WORD PTR [rax+rax*1+0x0]
    108c:	nop    DWORD PTR [rax+0x0]

0000000000001090 <deregister_tm_clones>:
    1090:	lea    rdi,[rip+0x2f89]        # 4020 <__TMC_END__>
    1097:	lea    rax,[rip+0x2f82]        # 4020 <__TMC_END__>
    109e:	cmp    rax,rdi
    10a1:	je     10b8 <deregister_tm_clones+0x28>
    10a3:	mov    rax,QWORD PTR [rip+0x2f1e]        # 3fc8 <_ITM_deregisterTMCloneTable>
    10aa:	test   rax,rax
    10ad:	je     10b8 <deregister_tm_clones+0x28>
    10af:	jmp    rax
    10b1:	nop    DWORD PTR [rax+0x0]
    10b8:	ret
    10b9:	nop    DWORD PTR [rax+0x0]

00000000000010c0 <register_tm_clones>:
    10c0:	lea    rdi,[rip+0x2f59]        # 4020 <__TMC_END__>
    10c7:	lea    rsi,[rip+0x2f52]        # 4020 <__TMC_END__>
    10ce:	sub    rsi,rdi
    10d1:	mov    rax,rsi
    10d4:	shr    rsi,0x3f
    10d8:	sar    rax,0x3
    10dc:	add    rsi,rax
    10df:	sar    rsi,1
    10e2:	je     10f8 <register_tm_clones+0x38>
    10e4:	mov    rax,QWORD PTR [rip+0x2eed]        # 3fd8 <_ITM_registerTMCloneTable>
    10eb:	test   rax,rax
    10ee:	je     10f8 <register_tm_clones+0x38>
    10f0:	jmp    rax
    10f2:	nop    WORD PTR [rax+rax*1+0x0]
    10f8:	ret
    10f9:	nop    DWORD PTR [rax+0x0]

0000000000001100 <__do_global_dtors_aux>:
    1100:	endbr64
    1104:	cmp    BYTE PTR [rip+0x2f15],0x0        # 4020 <__TMC_END__>
    110b:	jne    1138 <__do_global_dtors_aux+0x38>
    110d:	push   rbp
    110e:	cmp    QWORD PTR [rip+0x2eca],0x0        # 3fe0 <__cxa_finalize@GLIBC_2.2.5>
    1116:	mov    rbp,rsp
    1119:	je     1127 <__do_global_dtors_aux+0x27>
    111b:	mov    rdi,QWORD PTR [rip+0x2ef6]        # 4018 <__dso_handle>
    1122:	call   1050 <__cxa_finalize@plt>
    1127:	call   1090 <deregister_tm_clones>
    112c:	mov    BYTE PTR [rip+0x2eed],0x1        # 4020 <__TMC_END__>
    1133:	pop    rbp
    1134:	ret
    1135:	nop    DWORD PTR [rax]
    1138:	ret
    1139:	nop    DWORD PTR [rax+0x0]

0000000000001140 <frame_dummy>:
    1140:	endbr64
    1144:	jmp    10c0 <register_tm_clones>

0000000000001149 <strcmp_func>:
    1149:	push   rbp
    114a:	mov    rbp,rsp
    114d:	sub    rsp,0x10
    1151:	mov    QWORD PTR [rbp-0x8],rdi
    1155:	lea    rdx,[rip+0xea8]        # 2004 <_IO_stdin_used+0x4>
    115c:	mov    rax,QWORD PTR [rbp-0x8]
    1160:	mov    rsi,rdx
    1163:	mov    rdi,rax
    1166:	call   1040 <strcmp@plt>
    116b:	test   eax,eax
    116d:	jne    1176 <strcmp_func+0x2d>
    116f:	mov    eax,0x1
    1174:	jmp    117b <strcmp_func+0x32>
    1176:	mov    eax,0x0
    117b:	leave
    117c:	ret

000000000000117d <main>:
    117d:	push   rbp
    117e:	mov    rbp,rsp
    1181:	sub    rsp,0x10
    1185:	mov    DWORD PTR [rbp-0xa],0x33335843
    118c:	mov    WORD PTR [rbp-0x6],0x31
    1192:	lea    rax,[rbp-0xa]
    1196:	mov    rdi,rax
    1199:	call   1149 <strcmp_func>
    119e:	mov    DWORD PTR [rbp-0x4],eax
    11a1:	cmp    DWORD PTR [rbp-0x4],0x1
    11a5:	jne    11b6 <main+0x39>
    11a7:	lea    rax,[rip+0xe5c]        # 200a <_IO_stdin_used+0xa>
    11ae:	mov    rdi,rax
    11b1:	call   1030 <puts@plt>
    11b6:	mov    eax,0x0
    11bb:	leave
    11bc:	ret

Disassembly of section .fini:

00000000000011c0 <_fini>:
    11c0:	sub    rsp,0x8
    11c4:	add    rsp,0x8
    11c8:	ret
