
0x03-Control-Flow/f.bin:     file format elf64-x86-64

Contents of section .note.gnu.build-id:
 0350 04000000 14000000 03000000 474e5500  ............GNU.
 0360 8967d5db 86ae68f9 908771d3 99bc226a  .g....h...q..."j
 0370 fa9a4059                             ..@Y            
Contents of section .interp:
 0374 2f6c6962 36342f6c 642d6c69 6e75782d  /lib64/ld-linux-
 0384 7838362d 36342e73 6f2e3200           x86-64.so.2.    
Contents of section .gnu.hash:
 0390 02000000 05000000 01000000 06000000  ................
 03a0 00008100 00000000 05000000 00000000  ................
 03b0 d165ce6d                             .e.m            
Contents of section .dynsym:
 03b8 00000000 00000000 00000000 00000000  ................
 03c8 00000000 00000000 01000000 12000000  ................
 03d8 00000000 00000000 00000000 00000000  ................
 03e8 43000000 20000000 00000000 00000000  C... ...........
 03f8 00000000 00000000 5f000000 20000000  ........_... ...
 0408 00000000 00000000 00000000 00000000  ................
 0418 6e000000 20000000 00000000 00000000  n... ...........
 0428 00000000 00000000 13000000 22000000  ............"...
 0438 00000000 00000000 00000000 00000000  ................
Contents of section .dynstr:
 0448 005f5f6c 6962635f 73746172 745f6d61  .__libc_start_ma
 0458 696e005f 5f637861 5f66696e 616c697a  in.__cxa_finaliz
 0468 65006c69 62632e73 6f2e3600 474c4942  e.libc.so.6.GLIB
 0478 435f322e 322e3500 474c4942 435f322e  C_2.2.5.GLIBC_2.
 0488 3334005f 49544d5f 64657265 67697374  34._ITM_deregist
 0498 6572544d 436c6f6e 65546162 6c65005f  erTMCloneTable._
 04a8 5f676d6f 6e5f7374 6172745f 5f005f49  _gmon_start__._I
 04b8 544d5f72 65676973 74657254 4d436c6f  TM_registerTMClo
 04c8 6e655461 626c6500                    neTable.        
Contents of section .gnu.version:
 04d0 00000200 00000000 00000300           ............    
Contents of section .gnu.version_r:
 04e0 01000200 22000000 10000000 00000000  ...."...........
 04f0 751a6909 00000300 2c000000 10000000  u.i.....,.......
 0500 b4919606 00000200 38000000 00000000  ........8.......
Contents of section .rela.dyn:
 0510 003e0000 00000000 08000000 00000000  .>..............
 0520 20110000 00000000 083e0000 00000000   ........>......
 0530 08000000 00000000 e0100000 00000000  ................
 0540 08400000 00000000 08000000 00000000  .@..............
 0550 08400000 00000000 c03f0000 00000000  .@.......?......
 0560 06000000 01000000 00000000 00000000  ................
 0570 c83f0000 00000000 06000000 02000000  .?..............
 0580 00000000 00000000 d03f0000 00000000  .........?......
 0590 06000000 03000000 00000000 00000000  ................
 05a0 d83f0000 00000000 06000000 04000000  .?..............
 05b0 00000000 00000000 e03f0000 00000000  .........?......
 05c0 06000000 05000000 00000000 00000000  ................
Contents of section .init:
 1000 4883ec08 488b05c5 2f000048 85c07402  H...H.../..H..t.
 1010 ffd04883 c408c3                      ..H....         
Contents of section .plt:
 1020 ff35ca2f 0000ff25 cc2f0000 0f1f4000  .5./...%./....@.
Contents of section .plt.got:
 1030 ff25aa2f 00006690                    .%./..f.        
Contents of section .text:
 1040 31ed4989 d15e4889 e24883e4 f0505445  1.I..^H..H...PTE
 1050 31c031c9 488d3dce 000000ff 155f2f00  1.1.H.=......_/.
 1060 00f4662e 0f1f8400 00000000 0f1f4000  ..f...........@.
 1070 488d3d99 2f000048 8d05922f 00004839  H.=./..H.../..H9
 1080 f8741548 8b053e2f 00004885 c07409ff  .t.H..>/..H..t..
 1090 e00f1f80 00000000 c30f1f80 00000000  ................
 10a0 488d3d69 2f000048 8d35622f 00004829  H.=i/..H.5b/..H)
 10b0 fe4889f0 48c1ee3f 48c1f803 4801c648  .H..H..?H...H..H
 10c0 d1fe7414 488b050d 2f000048 85c07408  ..t.H.../..H..t.
 10d0 ffe0660f 1f440000 c30f1f80 00000000  ..f..D..........
 10e0 f30f1efa 803d252f 00000075 2b554883  .....=%/...u+UH.
 10f0 3dea2e00 00004889 e5740c48 8b3d062f  =.....H..t.H.=./
 1100 0000e829 ffffffe8 64ffffff c605fd2e  ...)....d.......
 1110 0000015d c30f1f00 c30f1f80 00000000  ...]............
 1120 f30f1efa e977ffff ff554889 e5c745fc  .....w...UH...E.
 1130 00000000 c745f800 000000eb 21c745f4  .....E......!.E.
 1140 00000000 eb0e8b45 f80faf45 f40145fc  .......E...E..E.
 1150 8345f401 837df413 7eec8345 f801837d  .E...}..~..E...}
 1160 f8097ed9 b8000000 005dc3             ..~......].     
Contents of section .fini:
 116c 4883ec08 4883c408 c3                 H...H....       
Contents of section .rodata:
 2000 01000200                             ....            
Contents of section .eh_frame_hdr:
 2004 011b033b 28000000 04000000 1cf0ffff  ...;(...........
 2014 74000000 2cf0ffff 9c000000 3cf0ffff  t...,.......<...
 2024 44000000 25f1ffff b4000000           D...%.......    
Contents of section .eh_frame:
 2030 14000000 00000000 017a5200 01781001  .........zR..x..
 2040 1b0c0708 90010710 14000000 1c000000  ................
 2050 f0efffff 22000000 00000000 00000000  ...."...........
 2060 14000000 00000000 017a5200 01781001  .........zR..x..
 2070 1b0c0708 90010000 24000000 1c000000  ........$.......
 2080 a0efffff 10000000 000e1046 0e184a0f  ...........F..J.
 2090 0b770880 003f1a3b 2a332422 00000000  .w...?.;*3$"....
 20a0 14000000 44000000 88efffff 08000000  ....D...........
 20b0 00000000 00000000 1c000000 5c000000  ............\...
 20c0 69f0ffff 42000000 00410e10 8602430d  i...B....A....C.
 20d0 067d0c07 08000000 00000000           .}..........    
Contents of section .note.gnu.property:
 20e0 04000000 10000000 05000000 474e5500  ............GNU.
 20f0 028000c0 04000000 01000000 00000000  ................
Contents of section .note.ABI-tag:
 2100 04000000 10000000 01000000 474e5500  ............GNU.
 2110 00000000 03000000 02000000 00000000  ................
Contents of section .init_array:
 3e00 20110000 00000000                     .......        
Contents of section .fini_array:
 3e08 e0100000 00000000                    ........        
Contents of section .dynamic:
 3e10 01000000 00000000 22000000 00000000  ........".......
 3e20 0c000000 00000000 00100000 00000000  ................
 3e30 0d000000 00000000 6c110000 00000000  ........l.......
 3e40 19000000 00000000 003e0000 00000000  .........>......
 3e50 1b000000 00000000 08000000 00000000  ................
 3e60 1a000000 00000000 083e0000 00000000  .........>......
 3e70 1c000000 00000000 08000000 00000000  ................
 3e80 f5feff6f 00000000 90030000 00000000  ...o............
 3e90 05000000 00000000 48040000 00000000  ........H.......
 3ea0 06000000 00000000 b8030000 00000000  ................
 3eb0 0a000000 00000000 88000000 00000000  ................
 3ec0 0b000000 00000000 18000000 00000000  ................
 3ed0 15000000 00000000 00000000 00000000  ................
 3ee0 03000000 00000000 e83f0000 00000000  .........?......
 3ef0 07000000 00000000 10050000 00000000  ................
 3f00 08000000 00000000 c0000000 00000000  ................
 3f10 09000000 00000000 18000000 00000000  ................
 3f20 fbffff6f 00000000 00000008 00000000  ...o............
 3f30 feffff6f 00000000 e0040000 00000000  ...o............
 3f40 ffffff6f 00000000 01000000 00000000  ...o............
 3f50 f0ffff6f 00000000 d0040000 00000000  ...o............
 3f60 f9ffff6f 00000000 03000000 00000000  ...o............
 3f70 00000000 00000000 00000000 00000000  ................
 3f80 00000000 00000000 00000000 00000000  ................
 3f90 00000000 00000000 00000000 00000000  ................
 3fa0 00000000 00000000 00000000 00000000  ................
 3fb0 00000000 00000000 00000000 00000000  ................
Contents of section .got:
 3fc0 00000000 00000000 00000000 00000000  ................
 3fd0 00000000 00000000 00000000 00000000  ................
 3fe0 00000000 00000000                    ........        
Contents of section .got.plt:
 3fe8 103e0000 00000000 00000000 00000000  .>..............
 3ff8 00000000 00000000                    ........        
Contents of section .data:
 4000 00000000 00000000 08400000 00000000  .........@......
Contents of section .comment:
 0000 4743433a 20284465 6269616e 2031352e  GCC: (Debian 15.
 0010 332e302d 32292031 352e332e 3000      3.0-2) 15.3.0.  

Disassembly of section .init:

0000000000001000 <_init>:
    1000:	sub    rsp,0x8
    1004:	mov    rax,QWORD PTR [rip+0x2fc5]        # 3fd0 <__gmon_start__>
    100b:	test   rax,rax
    100e:	je     1012 <_init+0x12>
    1010:	call   rax
    1012:	add    rsp,0x8
    1016:	ret

Disassembly of section .plt:

0000000000001020 <.plt>:
    1020:	push   QWORD PTR [rip+0x2fca]        # 3ff0 <_GLOBAL_OFFSET_TABLE_+0x8>
    1026:	jmp    QWORD PTR [rip+0x2fcc]        # 3ff8 <_GLOBAL_OFFSET_TABLE_+0x10>
    102c:	nop    DWORD PTR [rax+0x0]

Disassembly of section .plt.got:

0000000000001030 <__cxa_finalize@plt>:
    1030:	jmp    QWORD PTR [rip+0x2faa]        # 3fe0 <__cxa_finalize@GLIBC_2.2.5>
    1036:	xchg   ax,ax

Disassembly of section .text:

0000000000001040 <_start>:
    1040:	xor    ebp,ebp
    1042:	mov    r9,rdx
    1045:	pop    rsi
    1046:	mov    rdx,rsp
    1049:	and    rsp,0xfffffffffffffff0
    104d:	push   rax
    104e:	push   rsp
    104f:	xor    r8d,r8d
    1052:	xor    ecx,ecx
    1054:	lea    rdi,[rip+0xce]        # 1129 <main>
    105b:	call   QWORD PTR [rip+0x2f5f]        # 3fc0 <__libc_start_main@GLIBC_2.34>
    1061:	hlt
    1062:	cs nop WORD PTR [rax+rax*1+0x0]
    106c:	nop    DWORD PTR [rax+0x0]

0000000000001070 <deregister_tm_clones>:
    1070:	lea    rdi,[rip+0x2f99]        # 4010 <__TMC_END__>
    1077:	lea    rax,[rip+0x2f92]        # 4010 <__TMC_END__>
    107e:	cmp    rax,rdi
    1081:	je     1098 <deregister_tm_clones+0x28>
    1083:	mov    rax,QWORD PTR [rip+0x2f3e]        # 3fc8 <_ITM_deregisterTMCloneTable>
    108a:	test   rax,rax
    108d:	je     1098 <deregister_tm_clones+0x28>
    108f:	jmp    rax
    1091:	nop    DWORD PTR [rax+0x0]
    1098:	ret
    1099:	nop    DWORD PTR [rax+0x0]

00000000000010a0 <register_tm_clones>:
    10a0:	lea    rdi,[rip+0x2f69]        # 4010 <__TMC_END__>
    10a7:	lea    rsi,[rip+0x2f62]        # 4010 <__TMC_END__>
    10ae:	sub    rsi,rdi
    10b1:	mov    rax,rsi
    10b4:	shr    rsi,0x3f
    10b8:	sar    rax,0x3
    10bc:	add    rsi,rax
    10bf:	sar    rsi,1
    10c2:	je     10d8 <register_tm_clones+0x38>
    10c4:	mov    rax,QWORD PTR [rip+0x2f0d]        # 3fd8 <_ITM_registerTMCloneTable>
    10cb:	test   rax,rax
    10ce:	je     10d8 <register_tm_clones+0x38>
    10d0:	jmp    rax
    10d2:	nop    WORD PTR [rax+rax*1+0x0]
    10d8:	ret
    10d9:	nop    DWORD PTR [rax+0x0]

00000000000010e0 <__do_global_dtors_aux>:
    10e0:	endbr64
    10e4:	cmp    BYTE PTR [rip+0x2f25],0x0        # 4010 <__TMC_END__>
    10eb:	jne    1118 <__do_global_dtors_aux+0x38>
    10ed:	push   rbp
    10ee:	cmp    QWORD PTR [rip+0x2eea],0x0        # 3fe0 <__cxa_finalize@GLIBC_2.2.5>
    10f6:	mov    rbp,rsp
    10f9:	je     1107 <__do_global_dtors_aux+0x27>
    10fb:	mov    rdi,QWORD PTR [rip+0x2f06]        # 4008 <__dso_handle>
    1102:	call   1030 <__cxa_finalize@plt>
    1107:	call   1070 <deregister_tm_clones>
    110c:	mov    BYTE PTR [rip+0x2efd],0x1        # 4010 <__TMC_END__>
    1113:	pop    rbp
    1114:	ret
    1115:	nop    DWORD PTR [rax]
    1118:	ret
    1119:	nop    DWORD PTR [rax+0x0]

0000000000001120 <frame_dummy>:
    1120:	endbr64
    1124:	jmp    10a0 <register_tm_clones>

0000000000001129 <main>:
    1129:	push   rbp
    112a:	mov    rbp,rsp
    112d:	mov    DWORD PTR [rbp-0x4],0x0
    1134:	mov    DWORD PTR [rbp-0x8],0x0
    113b:	jmp    115e <main+0x35>
    113d:	mov    DWORD PTR [rbp-0xc],0x0
    1144:	jmp    1154 <main+0x2b>
    1146:	mov    eax,DWORD PTR [rbp-0x8]
    1149:	imul   eax,DWORD PTR [rbp-0xc]
    114d:	add    DWORD PTR [rbp-0x4],eax
    1150:	add    DWORD PTR [rbp-0xc],0x1
    1154:	cmp    DWORD PTR [rbp-0xc],0x13
    1158:	jle    1146 <main+0x1d>
    115a:	add    DWORD PTR [rbp-0x8],0x1
    115e:	cmp    DWORD PTR [rbp-0x8],0x9
    1162:	jle    113d <main+0x14>
    1164:	mov    eax,0x0
    1169:	pop    rbp
    116a:	ret

Disassembly of section .fini:

000000000000116c <_fini>:
    116c:	sub    rsp,0x8
    1170:	add    rsp,0x8
    1174:	ret
