
0x09-Final-Challenges/01_easy_arithmetic.bin:     file format elf64-x86-64

Contents of section .note.gnu.build-id:
 0350 04000000 14000000 03000000 474e5500  ............GNU.
 0360 88d8ccfe c7faf243 19b8a18d 805d47ec  .......C.....]G.
 0370 eee6ddd5                             ....            
Contents of section .interp:
 0374 2f6c6962 36342f6c 642d6c69 6e75782d  /lib64/ld-linux-
 0384 7838362d 36342e73 6f2e3200           x86-64.so.2.    
Contents of section .gnu.hash:
 0390 02000000 05000000 01000000 06000000  ................
 03a0 00008100 00000000 05000000 00000000  ................
 03b0 d165ce6d                             .e.m            
Contents of section .dynsym:
 03b8 00000000 00000000 00000000 00000000  ................
 03c8 00000000 00000000 01000000 12000000  ................
 03d8 00000000 00000000 00000000 00000000  ................
 03e8 43000000 20000000 00000000 00000000  C... ...........
 03f8 00000000 00000000 5f000000 20000000  ........_... ...
 0408 00000000 00000000 00000000 00000000  ................
 0418 6e000000 20000000 00000000 00000000  n... ...........
 0428 00000000 00000000 13000000 22000000  ............"...
 0438 00000000 00000000 00000000 00000000  ................
Contents of section .dynstr:
 0448 005f5f6c 6962635f 73746172 745f6d61  .__libc_start_ma
 0458 696e005f 5f637861 5f66696e 616c697a  in.__cxa_finaliz
 0468 65006c69 62632e73 6f2e3600 474c4942  e.libc.so.6.GLIB
 0478 435f322e 322e3500 474c4942 435f322e  C_2.2.5.GLIBC_2.
 0488 3334005f 49544d5f 64657265 67697374  34._ITM_deregist
 0498 6572544d 436c6f6e 65546162 6c65005f  erTMCloneTable._
 04a8 5f676d6f 6e5f7374 6172745f 5f005f49  _gmon_start__._I
 04b8 544d5f72 65676973 74657254 4d436c6f  TM_registerTMClo
 04c8 6e655461 626c6500                    neTable.        
Contents of section .gnu.version:
 04d0 00000200 00000000 00000300           ............    
Contents of section .gnu.version_r:
 04e0 01000200 22000000 10000000 00000000  ...."...........
 04f0 751a6909 00000300 2c000000 10000000  u.i.....,.......
 0500 b4919606 00000200 38000000 00000000  ........8.......
Contents of section .rela.dyn:
 0510 003e0000 00000000 08000000 00000000  .>..............
 0520 20110000 00000000 083e0000 00000000   ........>......
 0530 08000000 00000000 e0100000 00000000  ................
 0540 08400000 00000000 08000000 00000000  .@..............
 0550 08400000 00000000 c03f0000 00000000  .@.......?......
 0560 06000000 01000000 00000000 00000000  ................
 0570 c83f0000 00000000 06000000 02000000  .?..............
 0580 00000000 00000000 d03f0000 00000000  .........?......
 0590 06000000 03000000 00000000 00000000  ................
 05a0 d83f0000 00000000 06000000 04000000  .?..............
 05b0 00000000 00000000 e03f0000 00000000  .........?......
 05c0 06000000 05000000 00000000 00000000  ................
Contents of section .init:
 1000 4883ec08 488b05c5 2f000048 85c07402  H...H.../..H..t.
 1010 ffd04883 c408c3                      ..H....         
Contents of section .plt:
 1020 ff35ca2f 0000ff25 cc2f0000 0f1f4000  .5./...%./....@.
Contents of section .plt.got:
 1030 ff25aa2f 00006690                    .%./..f.        
Contents of section .text:
 1040 31ed4989 d15e4889 e24883e4 f0505445  1.I..^H..H...PTE
 1050 31c031c9 488d3dce 000000ff 155f2f00  1.1.H.=......_/.
 1060 00f4662e 0f1f8400 00000000 0f1f4000  ..f...........@.
 1070 488d3d99 2f000048 8d05922f 00004839  H.=./..H.../..H9
 1080 f8741548 8b053e2f 00004885 c07409ff  .t.H..>/..H..t..
 1090 e00f1f80 00000000 c30f1f80 00000000  ................
 10a0 488d3d69 2f000048 8d35622f 00004829  H.=i/..H.5b/..H)
 10b0 fe4889f0 48c1ee3f 48c1f803 4801c648  .H..H..?H...H..H
 10c0 d1fe7414 488b050d 2f000048 85c07408  ..t.H.../..H..t.
 10d0 ffe0660f 1f440000 c30f1f80 00000000  ..f..D..........
 10e0 f30f1efa 803d252f 00000075 2b554883  .....=%/...u+UH.
 10f0 3dea2e00 00004889 e5740c48 8b3d062f  =.....H..t.H.=./
 1100 0000e829 ffffffe8 64ffffff c605fd2e  ...)....d.......
 1110 0000015d c30f1f00 c30f1f80 00000000  ...]............
 1120 f30f1efa e977ffff ff554889 e54883ec  .....w...UH..H..
 1130 18c78570 ffffff45 000000c7 8574ffff  ...p...E.....t..
 1140 ff4e0000 00c78578 ffffff40 000000c7  .N.....x...@....
 1150 857cffff ff490000 00c74580 7a000000  .|...I....E.z...
 1160 c7458470 000000c7 45882f00 0000c745  .E.p....E./....E
 1170 8c790000 00c74590 5e000000 c745947b  .y....E.^....E.{
 1180 000000c7 45982f00 0000c745 9c770000  ....E./....E.w..
 1190 00c745a0 5e000000 c745a46d 000000c7  ..E.^....E.m....
 11a0 45a86d00 0000c745 ac320000 00c745b0  E.m....E.2....E.
 11b0 76000000 c745b461 000000c7 45b86700  v....E.a....E.g.
 11c0 0000c745 bc320000 00c745c0 76000000  ...E.2....E.v...
 11d0 c745c461 000000c7 45c87300 0000c745  .E.a....E.s....E
 11e0 cc320000 00c745d0 5e000000 c745d465  .2....E.^....E.e
 11f0 000000c7 45d86000 0000c745 dc330000  ....E.`....E.3..
 1200 00c745e0 62000000 c745e477 000000c7  ..E.b....E.w....
 1210 45e86b00 0000c745 ec630000 00c745f0  E.k....E.c....E.
 1220 36000000 c745f467 000000c7 45f87c00  6....E.g....E.|.
 1230 00008b85 70ffffff 83c00189 8570ffff  ....p........p..
 1240 ff8b8574 ffffff83 e8028985 74ffffff  ...t........t...
 1250 8b8578ff ffff83c0 01898578 ffffff8b  ..x........x....
 1260 857cffff ff83e802 89857cff ffff8b45  .|........|....E
 1270 8083c001 8945808b 458483e8 02894584  .....E..E.....E.
 1280 8b458883 c0018945 888b458c 83e80289  .E.....E..E.....
 1290 458c8b45 9083c001 8945908b 459483e8  E..E.....E..E...
 12a0 02894594 8b459883 c0018945 988b459c  ..E..E.....E..E.
 12b0 83e80289 459c8b45 a083c001 8945a08b  ....E..E.....E..
 12c0 45a483e8 028945a4 8b45a883 c0018945  E.....E..E.....E
 12d0 a88b45ac 83e80289 45ac8b45 b083c001  ..E.....E..E....
 12e0 8945b08b 45b483e8 028945b4 8b45b883  .E..E.....E..E..
 12f0 c0018945 b88b45bc 83e80289 45bc8b45  ...E..E.....E..E
 1300 c083c001 8945c08b 45c483e8 028945c4  .....E..E.....E.
 1310 8b45c883 c0018945 c88b45cc 83e80289  .E.....E..E.....
 1320 45cc8b45 d083c001 8945d08b 45d483e8  E..E.....E..E...
 1330 028945d4 8b45d883 c0018945 d88b45dc  ..E..E.....E..E.
 1340 83e80289 45dc8b45 e083c001 8945e08b  ....E..E.....E..
 1350 45e483e8 028945e4 8b45e883 c0018945  E.....E..E.....E
 1360 e88b45ec 83e80289 45ec8b45 f083c001  ..E.....E..E....
 1370 8945f08b 45f483e8 028945f4 8b45f883  .E..E.....E..E..
 1380 c0018945 f8b80000 0000c9c3           ...E........    
Contents of section .fini:
 138c 4883ec08 4883c408 c3                 H...H....       
Contents of section .rodata:
 2000 01000200                             ....            
Contents of section .eh_frame_hdr:
 2004 011b033b 28000000 04000000 1cf0ffff  ...;(...........
 2014 74000000 2cf0ffff 9c000000 3cf0ffff  t...,.......<...
 2024 44000000 25f1ffff b4000000           D...%.......    
Contents of section .eh_frame:
 2030 14000000 00000000 017a5200 01781001  .........zR..x..
 2040 1b0c0708 90010710 14000000 1c000000  ................
 2050 f0efffff 22000000 00000000 00000000  ...."...........
 2060 14000000 00000000 017a5200 01781001  .........zR..x..
 2070 1b0c0708 90010000 24000000 1c000000  ........$.......
 2080 a0efffff 10000000 000e1046 0e184a0f  ...........F..J.
 2090 0b770880 003f1a3b 2a332422 00000000  .w...?.;*3$"....
 20a0 14000000 44000000 88efffff 08000000  ....D...........
 20b0 00000000 00000000 1c000000 5c000000  ............\...
 20c0 69f0ffff 63020000 00410e10 8602430d  i...c....A....C.
 20d0 06035e02 0c070800 00000000           ..^.........    
Contents of section .note.gnu.property:
 20e0 04000000 10000000 05000000 474e5500  ............GNU.
 20f0 028000c0 04000000 01000000 00000000  ................
Contents of section .note.ABI-tag:
 2100 04000000 10000000 01000000 474e5500  ............GNU.
 2110 00000000 03000000 02000000 00000000  ................
Contents of section .init_array:
 3e00 20110000 00000000                     .......        
Contents of section .fini_array:
 3e08 e0100000 00000000                    ........        
Contents of section .dynamic:
 3e10 01000000 00000000 22000000 00000000  ........".......
 3e20 0c000000 00000000 00100000 00000000  ................
 3e30 0d000000 00000000 8c130000 00000000  ................
 3e40 19000000 00000000 003e0000 00000000  .........>......
 3e50 1b000000 00000000 08000000 00000000  ................
 3e60 1a000000 00000000 083e0000 00000000  .........>......
 3e70 1c000000 00000000 08000000 00000000  ................
 3e80 f5feff6f 00000000 90030000 00000000  ...o............
 3e90 05000000 00000000 48040000 00000000  ........H.......
 3ea0 06000000 00000000 b8030000 00000000  ................
 3eb0 0a000000 00000000 88000000 00000000  ................
 3ec0 0b000000 00000000 18000000 00000000  ................
 3ed0 15000000 00000000 00000000 00000000  ................
 3ee0 03000000 00000000 e83f0000 00000000  .........?......
 3ef0 07000000 00000000 10050000 00000000  ................
 3f00 08000000 00000000 c0000000 00000000  ................
 3f10 09000000 00000000 18000000 00000000  ................
 3f20 fbffff6f 00000000 00000008 00000000  ...o............
 3f30 feffff6f 00000000 e0040000 00000000  ...o............
 3f40 ffffff6f 00000000 01000000 00000000  ...o............
 3f50 f0ffff6f 00000000 d0040000 00000000  ...o............
 3f60 f9ffff6f 00000000 03000000 00000000  ...o............
 3f70 00000000 00000000 00000000 00000000  ................
 3f80 00000000 00000000 00000000 00000000  ................
 3f90 00000000 00000000 00000000 00000000  ................
 3fa0 00000000 00000000 00000000 00000000  ................
 3fb0 00000000 00000000 00000000 00000000  ................
Contents of section .got:
 3fc0 00000000 00000000 00000000 00000000  ................
 3fd0 00000000 00000000 00000000 00000000  ................
 3fe0 00000000 00000000                    ........        
Contents of section .got.plt:
 3fe8 103e0000 00000000 00000000 00000000  .>..............
 3ff8 00000000 00000000                    ........        
Contents of section .data:
 4000 00000000 00000000 08400000 00000000  .........@......
Contents of section .comment:
 0000 4743433a 20284465 6269616e 2031352e  GCC: (Debian 15.
 0010 332e302d 32292031 352e332e 3000      3.0-2) 15.3.0.  

Disassembly of section .init:

0000000000001000 <_init>:
    1000:	sub    rsp,0x8
    1004:	mov    rax,QWORD PTR [rip+0x2fc5]        # 3fd0 <__gmon_start__>
    100b:	test   rax,rax
    100e:	je     1012 <_init+0x12>
    1010:	call   rax
    1012:	add    rsp,0x8
    1016:	ret

Disassembly of section .plt:

0000000000001020 <.plt>:
    1020:	push   QWORD PTR [rip+0x2fca]        # 3ff0 <_GLOBAL_OFFSET_TABLE_+0x8>
    1026:	jmp    QWORD PTR [rip+0x2fcc]        # 3ff8 <_GLOBAL_OFFSET_TABLE_+0x10>
    102c:	nop    DWORD PTR [rax+0x0]

Disassembly of section .plt.got:

0000000000001030 <__cxa_finalize@plt>:
    1030:	jmp    QWORD PTR [rip+0x2faa]        # 3fe0 <__cxa_finalize@GLIBC_2.2.5>
    1036:	xchg   ax,ax

Disassembly of section .text:

0000000000001040 <_start>:
    1040:	xor    ebp,ebp
    1042:	mov    r9,rdx
    1045:	pop    rsi
    1046:	mov    rdx,rsp
    1049:	and    rsp,0xfffffffffffffff0
    104d:	push   rax
    104e:	push   rsp
    104f:	xor    r8d,r8d
    1052:	xor    ecx,ecx
    1054:	lea    rdi,[rip+0xce]        # 1129 <main>
    105b:	call   QWORD PTR [rip+0x2f5f]        # 3fc0 <__libc_start_main@GLIBC_2.34>
    1061:	hlt
    1062:	cs nop WORD PTR [rax+rax*1+0x0]
    106c:	nop    DWORD PTR [rax+0x0]

0000000000001070 <deregister_tm_clones>:
    1070:	lea    rdi,[rip+0x2f99]        # 4010 <__TMC_END__>
    1077:	lea    rax,[rip+0x2f92]        # 4010 <__TMC_END__>
    107e:	cmp    rax,rdi
    1081:	je     1098 <deregister_tm_clones+0x28>
    1083:	mov    rax,QWORD PTR [rip+0x2f3e]        # 3fc8 <_ITM_deregisterTMCloneTable>
    108a:	test   rax,rax
    108d:	je     1098 <deregister_tm_clones+0x28>
    108f:	jmp    rax
    1091:	nop    DWORD PTR [rax+0x0]
    1098:	ret
    1099:	nop    DWORD PTR [rax+0x0]

00000000000010a0 <register_tm_clones>:
    10a0:	lea    rdi,[rip+0x2f69]        # 4010 <__TMC_END__>
    10a7:	lea    rsi,[rip+0x2f62]        # 4010 <__TMC_END__>
    10ae:	sub    rsi,rdi
    10b1:	mov    rax,rsi
    10b4:	shr    rsi,0x3f
    10b8:	sar    rax,0x3
    10bc:	add    rsi,rax
    10bf:	sar    rsi,1
    10c2:	je     10d8 <register_tm_clones+0x38>
    10c4:	mov    rax,QWORD PTR [rip+0x2f0d]        # 3fd8 <_ITM_registerTMCloneTable>
    10cb:	test   rax,rax
    10ce:	je     10d8 <register_tm_clones+0x38>
    10d0:	jmp    rax
    10d2:	nop    WORD PTR [rax+rax*1+0x0]
    10d8:	ret
    10d9:	nop    DWORD PTR [rax+0x0]

00000000000010e0 <__do_global_dtors_aux>:
    10e0:	endbr64
    10e4:	cmp    BYTE PTR [rip+0x2f25],0x0        # 4010 <__TMC_END__>
    10eb:	jne    1118 <__do_global_dtors_aux+0x38>
    10ed:	push   rbp
    10ee:	cmp    QWORD PTR [rip+0x2eea],0x0        # 3fe0 <__cxa_finalize@GLIBC_2.2.5>
    10f6:	mov    rbp,rsp
    10f9:	je     1107 <__do_global_dtors_aux+0x27>
    10fb:	mov    rdi,QWORD PTR [rip+0x2f06]        # 4008 <__dso_handle>
    1102:	call   1030 <__cxa_finalize@plt>
    1107:	call   1070 <deregister_tm_clones>
    110c:	mov    BYTE PTR [rip+0x2efd],0x1        # 4010 <__TMC_END__>
    1113:	pop    rbp
    1114:	ret
    1115:	nop    DWORD PTR [rax]
    1118:	ret
    1119:	nop    DWORD PTR [rax+0x0]

0000000000001120 <frame_dummy>:
    1120:	endbr64
    1124:	jmp    10a0 <register_tm_clones>

0000000000001129 <main>:
    1129:	push   rbp
    112a:	mov    rbp,rsp
    112d:	sub    rsp,0x18
    1131:	mov    DWORD PTR [rbp-0x90],0x45
    113b:	mov    DWORD PTR [rbp-0x8c],0x4e
    1145:	mov    DWORD PTR [rbp-0x88],0x40
    114f:	mov    DWORD PTR [rbp-0x84],0x49
    1159:	mov    DWORD PTR [rbp-0x80],0x7a
    1160:	mov    DWORD PTR [rbp-0x7c],0x70
    1167:	mov    DWORD PTR [rbp-0x78],0x2f
    116e:	mov    DWORD PTR [rbp-0x74],0x79
    1175:	mov    DWORD PTR [rbp-0x70],0x5e
    117c:	mov    DWORD PTR [rbp-0x6c],0x7b
    1183:	mov    DWORD PTR [rbp-0x68],0x2f
    118a:	mov    DWORD PTR [rbp-0x64],0x77
    1191:	mov    DWORD PTR [rbp-0x60],0x5e
    1198:	mov    DWORD PTR [rbp-0x5c],0x6d
    119f:	mov    DWORD PTR [rbp-0x58],0x6d
    11a6:	mov    DWORD PTR [rbp-0x54],0x32
    11ad:	mov    DWORD PTR [rbp-0x50],0x76
    11b4:	mov    DWORD PTR [rbp-0x4c],0x61
    11bb:	mov    DWORD PTR [rbp-0x48],0x67
    11c2:	mov    DWORD PTR [rbp-0x44],0x32
    11c9:	mov    DWORD PTR [rbp-0x40],0x76
    11d0:	mov    DWORD PTR [rbp-0x3c],0x61
    11d7:	mov    DWORD PTR [rbp-0x38],0x73
    11de:	mov    DWORD PTR [rbp-0x34],0x32
    11e5:	mov    DWORD PTR [rbp-0x30],0x5e
    11ec:	mov    DWORD PTR [rbp-0x2c],0x65
    11f3:	mov    DWORD PTR [rbp-0x28],0x60
    11fa:	mov    DWORD PTR [rbp-0x24],0x33
    1201:	mov    DWORD PTR [rbp-0x20],0x62
    1208:	mov    DWORD PTR [rbp-0x1c],0x77
    120f:	mov    DWORD PTR [rbp-0x18],0x6b
    1216:	mov    DWORD PTR [rbp-0x14],0x63
    121d:	mov    DWORD PTR [rbp-0x10],0x36
    1224:	mov    DWORD PTR [rbp-0xc],0x67
    122b:	mov    DWORD PTR [rbp-0x8],0x7c
    1232:	mov    eax,DWORD PTR [rbp-0x90]
    1238:	add    eax,0x1
    123b:	mov    DWORD PTR [rbp-0x90],eax
    1241:	mov    eax,DWORD PTR [rbp-0x8c]
    1247:	sub    eax,0x2
    124a:	mov    DWORD PTR [rbp-0x8c],eax
    1250:	mov    eax,DWORD PTR [rbp-0x88]
    1256:	add    eax,0x1
    1259:	mov    DWORD PTR [rbp-0x88],eax
    125f:	mov    eax,DWORD PTR [rbp-0x84]
    1265:	sub    eax,0x2
    1268:	mov    DWORD PTR [rbp-0x84],eax
    126e:	mov    eax,DWORD PTR [rbp-0x80]
    1271:	add    eax,0x1
    1274:	mov    DWORD PTR [rbp-0x80],eax
    1277:	mov    eax,DWORD PTR [rbp-0x7c]
    127a:	sub    eax,0x2
    127d:	mov    DWORD PTR [rbp-0x7c],eax
    1280:	mov    eax,DWORD PTR [rbp-0x78]
    1283:	add    eax,0x1
    1286:	mov    DWORD PTR [rbp-0x78],eax
    1289:	mov    eax,DWORD PTR [rbp-0x74]
    128c:	sub    eax,0x2
    128f:	mov    DWORD PTR [rbp-0x74],eax
    1292:	mov    eax,DWORD PTR [rbp-0x70]
    1295:	add    eax,0x1
    1298:	mov    DWORD PTR [rbp-0x70],eax
    129b:	mov    eax,DWORD PTR [rbp-0x6c]
    129e:	sub    eax,0x2
    12a1:	mov    DWORD PTR [rbp-0x6c],eax
    12a4:	mov    eax,DWORD PTR [rbp-0x68]
    12a7:	add    eax,0x1
    12aa:	mov    DWORD PTR [rbp-0x68],eax
    12ad:	mov    eax,DWORD PTR [rbp-0x64]
    12b0:	sub    eax,0x2
    12b3:	mov    DWORD PTR [rbp-0x64],eax
    12b6:	mov    eax,DWORD PTR [rbp-0x60]
    12b9:	add    eax,0x1
    12bc:	mov    DWORD PTR [rbp-0x60],eax
    12bf:	mov    eax,DWORD PTR [rbp-0x5c]
    12c2:	sub    eax,0x2
    12c5:	mov    DWORD PTR [rbp-0x5c],eax
    12c8:	mov    eax,DWORD PTR [rbp-0x58]
    12cb:	add    eax,0x1
    12ce:	mov    DWORD PTR [rbp-0x58],eax
    12d1:	mov    eax,DWORD PTR [rbp-0x54]
    12d4:	sub    eax,0x2
    12d7:	mov    DWORD PTR [rbp-0x54],eax
    12da:	mov    eax,DWORD PTR [rbp-0x50]
    12dd:	add    eax,0x1
    12e0:	mov    DWORD PTR [rbp-0x50],eax
    12e3:	mov    eax,DWORD PTR [rbp-0x4c]
    12e6:	sub    eax,0x2
    12e9:	mov    DWORD PTR [rbp-0x4c],eax
    12ec:	mov    eax,DWORD PTR [rbp-0x48]
    12ef:	add    eax,0x1
    12f2:	mov    DWORD PTR [rbp-0x48],eax
    12f5:	mov    eax,DWORD PTR [rbp-0x44]
    12f8:	sub    eax,0x2
    12fb:	mov    DWORD PTR [rbp-0x44],eax
    12fe:	mov    eax,DWORD PTR [rbp-0x40]
    1301:	add    eax,0x1
    1304:	mov    DWORD PTR [rbp-0x40],eax
    1307:	mov    eax,DWORD PTR [rbp-0x3c]
    130a:	sub    eax,0x2
    130d:	mov    DWORD PTR [rbp-0x3c],eax
    1310:	mov    eax,DWORD PTR [rbp-0x38]
    1313:	add    eax,0x1
    1316:	mov    DWORD PTR [rbp-0x38],eax
    1319:	mov    eax,DWORD PTR [rbp-0x34]
    131c:	sub    eax,0x2
    131f:	mov    DWORD PTR [rbp-0x34],eax
    1322:	mov    eax,DWORD PTR [rbp-0x30]
    1325:	add    eax,0x1
    1328:	mov    DWORD PTR [rbp-0x30],eax
    132b:	mov    eax,DWORD PTR [rbp-0x2c]
    132e:	sub    eax,0x2
    1331:	mov    DWORD PTR [rbp-0x2c],eax
    1334:	mov    eax,DWORD PTR [rbp-0x28]
    1337:	add    eax,0x1
    133a:	mov    DWORD PTR [rbp-0x28],eax
    133d:	mov    eax,DWORD PTR [rbp-0x24]
    1340:	sub    eax,0x2
    1343:	mov    DWORD PTR [rbp-0x24],eax
    1346:	mov    eax,DWORD PTR [rbp-0x20]
    1349:	add    eax,0x1
    134c:	mov    DWORD PTR [rbp-0x20],eax
    134f:	mov    eax,DWORD PTR [rbp-0x1c]
    1352:	sub    eax,0x2
    1355:	mov    DWORD PTR [rbp-0x1c],eax
    1358:	mov    eax,DWORD PTR [rbp-0x18]
    135b:	add    eax,0x1
    135e:	mov    DWORD PTR [rbp-0x18],eax
    1361:	mov    eax,DWORD PTR [rbp-0x14]
    1364:	sub    eax,0x2
    1367:	mov    DWORD PTR [rbp-0x14],eax
    136a:	mov    eax,DWORD PTR [rbp-0x10]
    136d:	add    eax,0x1
    1370:	mov    DWORD PTR [rbp-0x10],eax
    1373:	mov    eax,DWORD PTR [rbp-0xc]
    1376:	sub    eax,0x2
    1379:	mov    DWORD PTR [rbp-0xc],eax
    137c:	mov    eax,DWORD PTR [rbp-0x8]
    137f:	add    eax,0x1
    1382:	mov    DWORD PTR [rbp-0x8],eax
    1385:	mov    eax,0x0
    138a:	leave
    138b:	ret

Disassembly of section .fini:

000000000000138c <_fini>:
    138c:	sub    rsp,0x8
    1390:	add    rsp,0x8
    1394:	ret
