
0x08-String-Ops/b.bin:     file format elf64-x86-64


Disassembly of section .init:

0000000000001000 <_init>:
    1000:	sub    rsp,0x8
    1004:	mov    rax,QWORD PTR [rip+0x2fc5]        # 3fd0 <__gmon_start__>
    100b:	test   rax,rax
    100e:	je     1012 <_init+0x12>
    1010:	call   rax
    1012:	add    rsp,0x8
    1016:	ret

Disassembly of section .plt:

0000000000001020 <puts@plt-0x10>:
    1020:	push   QWORD PTR [rip+0x2fca]        # 3ff0 <_GLOBAL_OFFSET_TABLE_+0x8>
    1026:	jmp    QWORD PTR [rip+0x2fcc]        # 3ff8 <_GLOBAL_OFFSET_TABLE_+0x10>
    102c:	nop    DWORD PTR [rax+0x0]

0000000000001030 <puts@plt>:
    1030:	jmp    QWORD PTR [rip+0x2fca]        # 4000 <puts@GLIBC_2.2.5>
    1036:	push   0x0
    103b:	jmp    1020 <_init+0x20>

0000000000001040 <strcmp@plt>:
    1040:	jmp    QWORD PTR [rip+0x2fc2]        # 4008 <strcmp@GLIBC_2.2.5>
    1046:	push   0x1
    104b:	jmp    1020 <_init+0x20>

Disassembly of section .plt.got:

0000000000001050 <__cxa_finalize@plt>:
    1050:	jmp    QWORD PTR [rip+0x2f8a]        # 3fe0 <__cxa_finalize@GLIBC_2.2.5>
    1056:	xchg   ax,ax

Disassembly of section .text:

0000000000001060 <_start>:
    1060:	xor    ebp,ebp
    1062:	mov    r9,rdx
    1065:	pop    rsi
    1066:	mov    rdx,rsp
    1069:	and    rsp,0xfffffffffffffff0
    106d:	push   rax
    106e:	push   rsp
    106f:	xor    r8d,r8d
    1072:	xor    ecx,ecx
    1074:	lea    rdi,[rip+0x102]        # 117d <main>
    107b:	call   QWORD PTR [rip+0x2f3f]        # 3fc0 <__libc_start_main@GLIBC_2.34>
    1081:	hlt
    1082:	cs nop WORD PTR [rax+rax*1+0x0]
    108c:	nop    DWORD PTR [rax+0x0]

0000000000001090 <deregister_tm_clones>:
    1090:	lea    rdi,[rip+0x2f89]        # 4020 <__TMC_END__>
    1097:	lea    rax,[rip+0x2f82]        # 4020 <__TMC_END__>
    109e:	cmp    rax,rdi
    10a1:	je     10b8 <deregister_tm_clones+0x28>
    10a3:	mov    rax,QWORD PTR [rip+0x2f1e]        # 3fc8 <_ITM_deregisterTMCloneTable>
    10aa:	test   rax,rax
    10ad:	je     10b8 <deregister_tm_clones+0x28>
    10af:	jmp    rax
    10b1:	nop    DWORD PTR [rax+0x0]
    10b8:	ret
    10b9:	nop    DWORD PTR [rax+0x0]

00000000000010c0 <register_tm_clones>:
    10c0:	lea    rdi,[rip+0x2f59]        # 4020 <__TMC_END__>
    10c7:	lea    rsi,[rip+0x2f52]        # 4020 <__TMC_END__>
    10ce:	sub    rsi,rdi
    10d1:	mov    rax,rsi
    10d4:	shr    rsi,0x3f
    10d8:	sar    rax,0x3
    10dc:	add    rsi,rax
    10df:	sar    rsi,1
    10e2:	je     10f8 <register_tm_clones+0x38>
    10e4:	mov    rax,QWORD PTR [rip+0x2eed]        # 3fd8 <_ITM_registerTMCloneTable>
    10eb:	test   rax,rax
    10ee:	je     10f8 <register_tm_clones+0x38>
    10f0:	jmp    rax
    10f2:	nop    WORD PTR [rax+rax*1+0x0]
    10f8:	ret
    10f9:	nop    DWORD PTR [rax+0x0]

0000000000001100 <__do_global_dtors_aux>:
    1100:	endbr64
    1104:	cmp    BYTE PTR [rip+0x2f15],0x0        # 4020 <__TMC_END__>
    110b:	jne    1138 <__do_global_dtors_aux+0x38>
    110d:	push   rbp
    110e:	cmp    QWORD PTR [rip+0x2eca],0x0        # 3fe0 <__cxa_finalize@GLIBC_2.2.5>
    1116:	mov    rbp,rsp
    1119:	je     1127 <__do_global_dtors_aux+0x27>
    111b:	mov    rdi,QWORD PTR [rip+0x2ef6]        # 4018 <__dso_handle>
    1122:	call   1050 <__cxa_finalize@plt>
    1127:	call   1090 <deregister_tm_clones>
    112c:	mov    BYTE PTR [rip+0x2eed],0x1        # 4020 <__TMC_END__>
    1133:	pop    rbp
    1134:	ret
    1135:	nop    DWORD PTR [rax]
    1138:	ret
    1139:	nop    DWORD PTR [rax+0x0]

0000000000001140 <frame_dummy>:
    1140:	endbr64
    1144:	jmp    10c0 <register_tm_clones>

0000000000001149 <strcmp_func>:
    1149:	push   rbp
    114a:	mov    rbp,rsp
    114d:	sub    rsp,0x10
    1151:	mov    QWORD PTR [rbp-0x8],rdi
    1155:	lea    rdx,[rip+0xea8]        # 2004 <_IO_stdin_used+0x4>
    115c:	mov    rax,QWORD PTR [rbp-0x8]
    1160:	mov    rsi,rdx
    1163:	mov    rdi,rax
    1166:	call   1040 <strcmp@plt>
    116b:	test   eax,eax
    116d:	jne    1176 <strcmp_func+0x2d>
    116f:	mov    eax,0x1
    1174:	jmp    117b <strcmp_func+0x32>
    1176:	mov    eax,0x0
    117b:	leave
    117c:	ret

000000000000117d <main>:
    117d:	push   rbp
    117e:	mov    rbp,rsp
    1181:	sub    rsp,0x10
    1185:	mov    DWORD PTR [rbp-0xa],0x33335843
    118c:	mov    WORD PTR [rbp-0x6],0x31
    1192:	lea    rax,[rbp-0xa]
    1196:	mov    rdi,rax
    1199:	call   1149 <strcmp_func>
    119e:	mov    DWORD PTR [rbp-0x4],eax
    11a1:	cmp    DWORD PTR [rbp-0x4],0x1
    11a5:	jne    11b6 <main+0x39>
    11a7:	lea    rax,[rip+0xe5c]        # 200a <_IO_stdin_used+0xa>
    11ae:	mov    rdi,rax
    11b1:	call   1030 <puts@plt>
    11b6:	mov    eax,0x0
    11bb:	leave
    11bc:	ret

Disassembly of section .fini:

00000000000011c0 <_fini>:
    11c0:	sub    rsp,0x8
    11c4:	add    rsp,0x8
    11c8:	ret
