
0x04-Function-Call/a.bin:     file format elf64-x86-64

Contents of section .note.gnu.build-id:
 0350 04000000 14000000 03000000 474e5500  ............GNU.
 0360 3d8cae9d 96c0106a 3df1f0f8 5cd22e23  =......j=...\..#
 0370 367eed76                             6~.v            
Contents of section .interp:
 0374 2f6c6962 36342f6c 642d6c69 6e75782d  /lib64/ld-linux-
 0384 7838362d 36342e73 6f2e3200           x86-64.so.2.    
Contents of section .gnu.hash:
 0390 02000000 06000000 01000000 06000000  ................
 03a0 00008100 00000000 06000000 00000000  ................
 03b0 d165ce6d                             .e.m            
Contents of section .dynsym:
 03b8 00000000 00000000 00000000 00000000  ................
 03c8 00000000 00000000 01000000 12000000  ................
 03d8 00000000 00000000 00000000 00000000  ................
 03e8 4a000000 20000000 00000000 00000000  J... ...........
 03f8 00000000 00000000 22000000 12000000  ........".......
 0408 00000000 00000000 00000000 00000000  ................
 0418 66000000 20000000 00000000 00000000  f... ...........
 0428 00000000 00000000 75000000 20000000  ........u... ...
 0438 00000000 00000000 00000000 00000000  ................
 0448 13000000 22000000 00000000 00000000  ...."...........
 0458 00000000 00000000                    ........        
Contents of section .dynstr:
 0460 005f5f6c 6962635f 73746172 745f6d61  .__libc_start_ma
 0470 696e005f 5f637861 5f66696e 616c697a  in.__cxa_finaliz
 0480 65007072 696e7466 006c6962 632e736f  e.printf.libc.so
 0490 2e360047 4c494243 5f322e32 2e350047  .6.GLIBC_2.2.5.G
 04a0 4c494243 5f322e33 34005f49 544d5f64  LIBC_2.34._ITM_d
 04b0 65726567 69737465 72544d43 6c6f6e65  eregisterTMClone
 04c0 5461626c 65005f5f 676d6f6e 5f737461  Table.__gmon_sta
 04d0 72745f5f 005f4954 4d5f7265 67697374  rt__._ITM_regist
 04e0 6572544d 436c6f6e 65546162 6c6500    erTMCloneTable. 
Contents of section .gnu.version:
 04f0 00000200 00000300 00000000 0300      ..............  
Contents of section .gnu.version_r:
 0500 01000200 29000000 10000000 00000000  ....)...........
 0510 751a6909 00000300 33000000 10000000  u.i.....3.......
 0520 b4919606 00000200 3f000000 00000000  ........?.......
Contents of section .rela.dyn:
 0530 d03d0000 00000000 08000000 00000000  .=..............
 0540 30110000 00000000 d83d0000 00000000  0........=......
 0550 08000000 00000000 f0100000 00000000  ................
 0560 10400000 00000000 08000000 00000000  .@..............
 0570 10400000 00000000 c03f0000 00000000  .@.......?......
 0580 06000000 01000000 00000000 00000000  ................
 0590 c83f0000 00000000 06000000 02000000  .?..............
 05a0 00000000 00000000 d03f0000 00000000  .........?......
 05b0 06000000 04000000 00000000 00000000  ................
 05c0 d83f0000 00000000 06000000 05000000  .?..............
 05d0 00000000 00000000 e03f0000 00000000  .........?......
 05e0 06000000 06000000 00000000 00000000  ................
Contents of section .rela.plt:
 05f0 00400000 00000000 07000000 03000000  .@..............
 0600 00000000 00000000                    ........        
Contents of section .init:
 1000 4883ec08 488b05c5 2f000048 85c07402  H...H.../..H..t.
 1010 ffd04883 c408c3                      ..H....         
Contents of section .plt:
 1020 ff35ca2f 0000ff25 cc2f0000 0f1f4000  .5./...%./....@.
 1030 ff25ca2f 00006800 000000e9 e0ffffff  .%./..h.........
Contents of section .plt.got:
 1040 ff259a2f 00006690                    .%./..f.        
Contents of section .text:
 1050 31ed4989 d15e4889 e24883e4 f0505445  1.I..^H..H...PTE
 1060 31c031c9 488d3dce 000000ff 154f2f00  1.1.H.=......O/.
 1070 00f4662e 0f1f8400 00000000 0f1f4000  ..f...........@.
 1080 488d3d91 2f000048 8d058a2f 00004839  H.=./..H.../..H9
 1090 f8741548 8b052e2f 00004885 c07409ff  .t.H.../..H..t..
 10a0 e00f1f80 00000000 c30f1f80 00000000  ................
 10b0 488d3d61 2f000048 8d355a2f 00004829  H.=a/..H.5Z/..H)
 10c0 fe4889f0 48c1ee3f 48c1f803 4801c648  .H..H..?H...H..H
 10d0 d1fe7414 488b05fd 2e000048 85c07408  ..t.H......H..t.
 10e0 ffe0660f 1f440000 c30f1f80 00000000  ..f..D..........
 10f0 f30f1efa 803d1d2f 00000075 2b554883  .....=./...u+UH.
 1100 3dda2e00 00004889 e5740c48 8b3dfe2e  =.....H..t.H.=..
 1110 0000e829 ffffffe8 64ffffff c605f52e  ...)....d.......
 1120 0000015d c30f1f00 c30f1f80 00000000  ...]............
 1130 f30f1efa e977ffff ff554889 e54883ec  .....w...UH..H..
 1140 10c745fc 39050000 8b45fc48 8d15b20e  ..E.9....E.H....
 1150 000089c6 4889d7b8 00000000 e8cffeff  ....H...........
 1160 ffb80000 0000c9c3                    ........        
Contents of section .fini:
 1168 4883ec08 4883c408 c3                 H...H....       
Contents of section .rodata:
 2000 01000200 2564206d 65616e73 204c4545  ....%d means LEE
 2010 5421210a 00                          T!!..           
Contents of section .eh_frame_hdr:
 2018 011b033b 2c000000 04000000 08f0ffff  ...;,...........
 2028 78000000 28f0ffff a0000000 38f0ffff  x...(.......8...
 2038 48000000 21f1ffff b8000000           H...!.......    
Contents of section .eh_frame:
 2048 14000000 00000000 017a5200 01781001  .........zR..x..
 2058 1b0c0708 90010710 14000000 1c000000  ................
 2068 e8efffff 22000000 00000000 00000000  ...."...........
 2078 14000000 00000000 017a5200 01781001  .........zR..x..
 2088 1b0c0708 90010000 24000000 1c000000  ........$.......
 2098 88efffff 20000000 000e1046 0e184a0f  .... ......F..J.
 20a8 0b770880 003f1a3b 2a332422 00000000  .w...?.;*3$"....
 20b8 14000000 44000000 80efffff 08000000  ....D...........
 20c8 00000000 00000000 1c000000 5c000000  ............\...
 20d8 61f0ffff 2f000000 00410e10 8602430d  a.../....A....C.
 20e8 066a0c07 08000000 00000000           .j..........    
Contents of section .note.gnu.property:
 20f8 04000000 10000000 05000000 474e5500  ............GNU.
 2108 028000c0 04000000 01000000 00000000  ................
Contents of section .note.ABI-tag:
 2118 04000000 10000000 01000000 474e5500  ............GNU.
 2128 00000000 03000000 02000000 00000000  ................
Contents of section .init_array:
 3dd0 30110000 00000000                    0.......        
Contents of section .fini_array:
 3dd8 f0100000 00000000                    ........        
Contents of section .dynamic:
 3de0 01000000 00000000 29000000 00000000  ........).......
 3df0 0c000000 00000000 00100000 00000000  ................
 3e00 0d000000 00000000 68110000 00000000  ........h.......
 3e10 19000000 00000000 d03d0000 00000000  .........=......
 3e20 1b000000 00000000 08000000 00000000  ................
 3e30 1a000000 00000000 d83d0000 00000000  .........=......
 3e40 1c000000 00000000 08000000 00000000  ................
 3e50 f5feff6f 00000000 90030000 00000000  ...o............
 3e60 05000000 00000000 60040000 00000000  ........`.......
 3e70 06000000 00000000 b8030000 00000000  ................
 3e80 0a000000 00000000 8f000000 00000000  ................
 3e90 0b000000 00000000 18000000 00000000  ................
 3ea0 15000000 00000000 00000000 00000000  ................
 3eb0 03000000 00000000 e83f0000 00000000  .........?......
 3ec0 02000000 00000000 18000000 00000000  ................
 3ed0 14000000 00000000 07000000 00000000  ................
 3ee0 17000000 00000000 f0050000 00000000  ................
 3ef0 07000000 00000000 30050000 00000000  ........0.......
 3f00 08000000 00000000 c0000000 00000000  ................
 3f10 09000000 00000000 18000000 00000000  ................
 3f20 fbffff6f 00000000 00000008 00000000  ...o............
 3f30 feffff6f 00000000 00050000 00000000  ...o............
 3f40 ffffff6f 00000000 01000000 00000000  ...o............
 3f50 f0ffff6f 00000000 f0040000 00000000  ...o............
 3f60 f9ffff6f 00000000 03000000 00000000  ...o............
 3f70 00000000 00000000 00000000 00000000  ................
 3f80 00000000 00000000 00000000 00000000  ................
 3f90 00000000 00000000 00000000 00000000  ................
 3fa0 00000000 00000000 00000000 00000000  ................
 3fb0 00000000 00000000 00000000 00000000  ................
Contents of section .got:
 3fc0 00000000 00000000 00000000 00000000  ................
 3fd0 00000000 00000000 00000000 00000000  ................
 3fe0 00000000 00000000                    ........        
Contents of section .got.plt:
 3fe8 e03d0000 00000000 00000000 00000000  .=..............
 3ff8 00000000 00000000 36100000 00000000  ........6.......
Contents of section .data:
 4008 00000000 00000000 10400000 00000000  .........@......
Contents of section .comment:
 0000 4743433a 20284465 6269616e 2031352e  GCC: (Debian 15.
 0010 332e302d 32292031 352e332e 3000      3.0-2) 15.3.0.  

Disassembly of section .init:

0000000000001000 <_init>:
    1000:	sub    rsp,0x8
    1004:	mov    rax,QWORD PTR [rip+0x2fc5]        # 3fd0 <__gmon_start__>
    100b:	test   rax,rax
    100e:	je     1012 <_init+0x12>
    1010:	call   rax
    1012:	add    rsp,0x8
    1016:	ret

Disassembly of section .plt:

0000000000001020 <printf@plt-0x10>:
    1020:	push   QWORD PTR [rip+0x2fca]        # 3ff0 <_GLOBAL_OFFSET_TABLE_+0x8>
    1026:	jmp    QWORD PTR [rip+0x2fcc]        # 3ff8 <_GLOBAL_OFFSET_TABLE_+0x10>
    102c:	nop    DWORD PTR [rax+0x0]

0000000000001030 <printf@plt>:
    1030:	jmp    QWORD PTR [rip+0x2fca]        # 4000 <printf@GLIBC_2.2.5>
    1036:	push   0x0
    103b:	jmp    1020 <_init+0x20>

Disassembly of section .plt.got:

0000000000001040 <__cxa_finalize@plt>:
    1040:	jmp    QWORD PTR [rip+0x2f9a]        # 3fe0 <__cxa_finalize@GLIBC_2.2.5>
    1046:	xchg   ax,ax

Disassembly of section .text:

0000000000001050 <_start>:
    1050:	xor    ebp,ebp
    1052:	mov    r9,rdx
    1055:	pop    rsi
    1056:	mov    rdx,rsp
    1059:	and    rsp,0xfffffffffffffff0
    105d:	push   rax
    105e:	push   rsp
    105f:	xor    r8d,r8d
    1062:	xor    ecx,ecx
    1064:	lea    rdi,[rip+0xce]        # 1139 <main>
    106b:	call   QWORD PTR [rip+0x2f4f]        # 3fc0 <__libc_start_main@GLIBC_2.34>
    1071:	hlt
    1072:	cs nop WORD PTR [rax+rax*1+0x0]
    107c:	nop    DWORD PTR [rax+0x0]

0000000000001080 <deregister_tm_clones>:
    1080:	lea    rdi,[rip+0x2f91]        # 4018 <__TMC_END__>
    1087:	lea    rax,[rip+0x2f8a]        # 4018 <__TMC_END__>
    108e:	cmp    rax,rdi
    1091:	je     10a8 <deregister_tm_clones+0x28>
    1093:	mov    rax,QWORD PTR [rip+0x2f2e]        # 3fc8 <_ITM_deregisterTMCloneTable>
    109a:	test   rax,rax
    109d:	je     10a8 <deregister_tm_clones+0x28>
    109f:	jmp    rax
    10a1:	nop    DWORD PTR [rax+0x0]
    10a8:	ret
    10a9:	nop    DWORD PTR [rax+0x0]

00000000000010b0 <register_tm_clones>:
    10b0:	lea    rdi,[rip+0x2f61]        # 4018 <__TMC_END__>
    10b7:	lea    rsi,[rip+0x2f5a]        # 4018 <__TMC_END__>
    10be:	sub    rsi,rdi
    10c1:	mov    rax,rsi
    10c4:	shr    rsi,0x3f
    10c8:	sar    rax,0x3
    10cc:	add    rsi,rax
    10cf:	sar    rsi,1
    10d2:	je     10e8 <register_tm_clones+0x38>
    10d4:	mov    rax,QWORD PTR [rip+0x2efd]        # 3fd8 <_ITM_registerTMCloneTable>
    10db:	test   rax,rax
    10de:	je     10e8 <register_tm_clones+0x38>
    10e0:	jmp    rax
    10e2:	nop    WORD PTR [rax+rax*1+0x0]
    10e8:	ret
    10e9:	nop    DWORD PTR [rax+0x0]

00000000000010f0 <__do_global_dtors_aux>:
    10f0:	endbr64
    10f4:	cmp    BYTE PTR [rip+0x2f1d],0x0        # 4018 <__TMC_END__>
    10fb:	jne    1128 <__do_global_dtors_aux+0x38>
    10fd:	push   rbp
    10fe:	cmp    QWORD PTR [rip+0x2eda],0x0        # 3fe0 <__cxa_finalize@GLIBC_2.2.5>
    1106:	mov    rbp,rsp
    1109:	je     1117 <__do_global_dtors_aux+0x27>
    110b:	mov    rdi,QWORD PTR [rip+0x2efe]        # 4010 <__dso_handle>
    1112:	call   1040 <__cxa_finalize@plt>
    1117:	call   1080 <deregister_tm_clones>
    111c:	mov    BYTE PTR [rip+0x2ef5],0x1        # 4018 <__TMC_END__>
    1123:	pop    rbp
    1124:	ret
    1125:	nop    DWORD PTR [rax]
    1128:	ret
    1129:	nop    DWORD PTR [rax+0x0]

0000000000001130 <frame_dummy>:
    1130:	endbr64
    1134:	jmp    10b0 <register_tm_clones>

0000000000001139 <main>:
    1139:	push   rbp
    113a:	mov    rbp,rsp
    113d:	sub    rsp,0x10
    1141:	mov    DWORD PTR [rbp-0x4],0x539
    1148:	mov    eax,DWORD PTR [rbp-0x4]
    114b:	lea    rdx,[rip+0xeb2]        # 2004 <_IO_stdin_used+0x4>
    1152:	mov    esi,eax
    1154:	mov    rdi,rdx
    1157:	mov    eax,0x0
    115c:	call   1030 <printf@plt>
    1161:	mov    eax,0x0
    1166:	leave
    1167:	ret

Disassembly of section .fini:

0000000000001168 <_fini>:
    1168:	sub    rsp,0x8
    116c:	add    rsp,0x8
    1170:	ret
