
0x09-Final-Challenges/03_easy_conditions.bin:     file format elf64-x86-64

Contents of section .note.gnu.build-id:
 0350 04000000 14000000 03000000 474e5500  ............GNU.
 0360 43d197b4 63629996 91271c47 f32df90f  C...cb...'.G.-..
 0370 82a79494                             ....            
Contents of section .interp:
 0374 2f6c6962 36342f6c 642d6c69 6e75782d  /lib64/ld-linux-
 0384 7838362d 36342e73 6f2e3200           x86-64.so.2.    
Contents of section .gnu.hash:
 0390 02000000 05000000 01000000 06000000  ................
 03a0 00008100 00000000 05000000 00000000  ................
 03b0 d165ce6d                             .e.m            
Contents of section .dynsym:
 03b8 00000000 00000000 00000000 00000000  ................
 03c8 00000000 00000000 01000000 12000000  ................
 03d8 00000000 00000000 00000000 00000000  ................
 03e8 43000000 20000000 00000000 00000000  C... ...........
 03f8 00000000 00000000 5f000000 20000000  ........_... ...
 0408 00000000 00000000 00000000 00000000  ................
 0418 6e000000 20000000 00000000 00000000  n... ...........
 0428 00000000 00000000 13000000 22000000  ............"...
 0438 00000000 00000000 00000000 00000000  ................
Contents of section .dynstr:
 0448 005f5f6c 6962635f 73746172 745f6d61  .__libc_start_ma
 0458 696e005f 5f637861 5f66696e 616c697a  in.__cxa_finaliz
 0468 65006c69 62632e73 6f2e3600 474c4942  e.libc.so.6.GLIB
 0478 435f322e 322e3500 474c4942 435f322e  C_2.2.5.GLIBC_2.
 0488 3334005f 49544d5f 64657265 67697374  34._ITM_deregist
 0498 6572544d 436c6f6e 65546162 6c65005f  erTMCloneTable._
 04a8 5f676d6f 6e5f7374 6172745f 5f005f49  _gmon_start__._I
 04b8 544d5f72 65676973 74657254 4d436c6f  TM_registerTMClo
 04c8 6e655461 626c6500                    neTable.        
Contents of section .gnu.version:
 04d0 00000200 00000000 00000300           ............    
Contents of section .gnu.version_r:
 04e0 01000200 22000000 10000000 00000000  ...."...........
 04f0 751a6909 00000300 2c000000 10000000  u.i.....,.......
 0500 b4919606 00000200 38000000 00000000  ........8.......
Contents of section .rela.dyn:
 0510 003e0000 00000000 08000000 00000000  .>..............
 0520 20110000 00000000 083e0000 00000000   ........>......
 0530 08000000 00000000 e0100000 00000000  ................
 0540 08400000 00000000 08000000 00000000  .@..............
 0550 08400000 00000000 c03f0000 00000000  .@.......?......
 0560 06000000 01000000 00000000 00000000  ................
 0570 c83f0000 00000000 06000000 02000000  .?..............
 0580 00000000 00000000 d03f0000 00000000  .........?......
 0590 06000000 03000000 00000000 00000000  ................
 05a0 d83f0000 00000000 06000000 04000000  .?..............
 05b0 00000000 00000000 e03f0000 00000000  .........?......
 05c0 06000000 05000000 00000000 00000000  ................
Contents of section .init:
 1000 4883ec08 488b05c5 2f000048 85c07402  H...H.../..H..t.
 1010 ffd04883 c408c3                      ..H....         
Contents of section .plt:
 1020 ff35ca2f 0000ff25 cc2f0000 0f1f4000  .5./...%./....@.
Contents of section .plt.got:
 1030 ff25aa2f 00006690                    .%./..f.        
Contents of section .text:
 1040 31ed4989 d15e4889 e24883e4 f0505445  1.I..^H..H...PTE
 1050 31c031c9 488d3dce 000000ff 155f2f00  1.1.H.=......_/.
 1060 00f4662e 0f1f8400 00000000 0f1f4000  ..f...........@.
 1070 488d3d99 2f000048 8d05922f 00004839  H.=./..H.../..H9
 1080 f8741548 8b053e2f 00004885 c07409ff  .t.H..>/..H..t..
 1090 e00f1f80 00000000 c30f1f80 00000000  ................
 10a0 488d3d69 2f000048 8d35622f 00004829  H.=i/..H.5b/..H)
 10b0 fe4889f0 48c1ee3f 48c1f803 4801c648  .H..H..?H...H..H
 10c0 d1fe7414 488b050d 2f000048 85c07408  ..t.H.../..H..t.
 10d0 ffe0660f 1f440000 c30f1f80 00000000  ..f..D..........
 10e0 f30f1efa 803d252f 00000075 2b554883  .....=%/...u+UH.
 10f0 3dea2e00 00004889 e5740c48 8b3d062f  =.....H..t.H.=./
 1100 0000e829 ffffffe8 64ffffff c605fd2e  ...)....d.......
 1110 0000015d c30f1f00 c30f1f80 00000000  ...]............
 1120 f30f1efa e977ffff ff554889 e54883ec  .....w...UH..H..
 1130 28c78560 ffffff46 000000c7 8564ffff  (..`...F.....d..
 1140 ff450000 00c78568 ffffff44 000000c7  .E.....h...D....
 1150 856cffff ff4b0000 00c78570 ffffff78  .l...K.....p...x
 1160 000000c7 8574ffff ff730000 00c78578  .....t...s.....x
 1170 ffffff70 000000c7 857cffff ff340000  ...p.....|...4..
 1180 00c74580 3b000000 c7458460 000000c7  ..E.;....E.`....
 1190 45886800 0000c745 8c580000 00c74590  E.h....E.X....E.
 11a0 66000000 c745946d 000000c7 45983600  f....E.m....E.6.
 11b0 0000c745 9c650000 00c745a0 6c000000  ...E.e....E.l...
 11c0 c745a462 000000c7 45a86200 0000c745  .E.b....E.b....E
 11d0 ac330000 00c745b0 74000000 c745b458  .3....E.t....E.X
 11e0 000000c7 45b85100 0000c745 bc3d0000  ....E.Q....E.=..
 11f0 00c745c0 6d000000 c745c474 000000c7  ..E.m....E.t....
 1200 45c82c00 0000c745 cc710000 00c745d0  E.,....E.q....E.
 1210 68000000 c745d433 000000c7 45d85f00  h....E.3....E._.
 1220 0000c745 dc6c0000 00c745e0 7a000000  ...E.l....E.z...
 1230 c745e43d 000000c7 45e87700 0000c745  .E.=....E.w....E
 1240 ec630000 00c745f0 61000000 c745f424  .c....E.a....E.$
 1250 000000c7 45f87100 0000c745 fc000000  ....E.q....E....
 1260 00e9d900 00008b4d fc4863c1 4869c067  .......M.Hc.Hi.g
 1270 66666648 c1e820d1 f889cac1 fa1f29d0  fffH.. .......).
 1280 89c2c1e2 0201c289 c829d083 f8040f84  .........)......
 1290 87000000 83f8040f 8f9e0000 0083f803  ................
 12a0 745a83f8 030f8f90 00000083 f802742f  tZ............t/
 12b0 83f8020f 8f820000 0085c074 7d83f801  ...........t}...
 12c0 75798b45 fc48988b 848560ff ffff8d50  uy.E.H....`....P
 12d0 078b45fc 48988994 8560ffff ffeb5c8b  ..E.H....`....\.
 12e0 45fc4898 8b848560 ffffff8d 50fd8b45  E.H....`....P..E
 12f0 fc489889 948560ff ffffeb3f 8b45fc48  .H....`....?.E.H
 1300 988b8485 60ffffff 83f00c89 c28b45fc  ....`.........E.
 1310 48988994 8560ffff ffeb208b 45fc4898  H....`.... .E.H.
 1320 8b848560 ffffff83 f00389c2 8b45fc48  ...`.........E.H
 1330 98899485 60ffffff eb019083 45fc0183  ....`.......E...
 1340 7dfc260f 8e1dffff ffb80000 0000c9c3  }.&.............
Contents of section .fini:
 1350 4883ec08 4883c408 c3                 H...H....       
Contents of section .rodata:
 2000 01000200                             ....            
Contents of section .eh_frame_hdr:
 2004 011b033b 28000000 04000000 1cf0ffff  ...;(...........
 2014 74000000 2cf0ffff 9c000000 3cf0ffff  t...,.......<...
 2024 44000000 25f1ffff b4000000           D...%.......    
Contents of section .eh_frame:
 2030 14000000 00000000 017a5200 01781001  .........zR..x..
 2040 1b0c0708 90010710 14000000 1c000000  ................
 2050 f0efffff 22000000 00000000 00000000  ...."...........
 2060 14000000 00000000 017a5200 01781001  .........zR..x..
 2070 1b0c0708 90010000 24000000 1c000000  ........$.......
 2080 a0efffff 10000000 000e1046 0e184a0f  ...........F..J.
 2090 0b770880 003f1a3b 2a332422 00000000  .w...?.;*3$"....
 20a0 14000000 44000000 88efffff 08000000  ....D...........
 20b0 00000000 00000000 1c000000 5c000000  ............\...
 20c0 69f0ffff 27020000 00410e10 8602430d  i...'....A....C.
 20d0 06032202 0c070800 00000000           ..".........    
Contents of section .note.gnu.property:
 20e0 04000000 10000000 05000000 474e5500  ............GNU.
 20f0 028000c0 04000000 01000000 00000000  ................
Contents of section .note.ABI-tag:
 2100 04000000 10000000 01000000 474e5500  ............GNU.
 2110 00000000 03000000 02000000 00000000  ................
Contents of section .init_array:
 3e00 20110000 00000000                     .......        
Contents of section .fini_array:
 3e08 e0100000 00000000                    ........        
Contents of section .dynamic:
 3e10 01000000 00000000 22000000 00000000  ........".......
 3e20 0c000000 00000000 00100000 00000000  ................
 3e30 0d000000 00000000 50130000 00000000  ........P.......
 3e40 19000000 00000000 003e0000 00000000  .........>......
 3e50 1b000000 00000000 08000000 00000000  ................
 3e60 1a000000 00000000 083e0000 00000000  .........>......
 3e70 1c000000 00000000 08000000 00000000  ................
 3e80 f5feff6f 00000000 90030000 00000000  ...o............
 3e90 05000000 00000000 48040000 00000000  ........H.......
 3ea0 06000000 00000000 b8030000 00000000  ................
 3eb0 0a000000 00000000 88000000 00000000  ................
 3ec0 0b000000 00000000 18000000 00000000  ................
 3ed0 15000000 00000000 00000000 00000000  ................
 3ee0 03000000 00000000 e83f0000 00000000  .........?......
 3ef0 07000000 00000000 10050000 00000000  ................
 3f00 08000000 00000000 c0000000 00000000  ................
 3f10 09000000 00000000 18000000 00000000  ................
 3f20 fbffff6f 00000000 00000008 00000000  ...o............
 3f30 feffff6f 00000000 e0040000 00000000  ...o............
 3f40 ffffff6f 00000000 01000000 00000000  ...o............
 3f50 f0ffff6f 00000000 d0040000 00000000  ...o............
 3f60 f9ffff6f 00000000 03000000 00000000  ...o............
 3f70 00000000 00000000 00000000 00000000  ................
 3f80 00000000 00000000 00000000 00000000  ................
 3f90 00000000 00000000 00000000 00000000  ................
 3fa0 00000000 00000000 00000000 00000000  ................
 3fb0 00000000 00000000 00000000 00000000  ................
Contents of section .got:
 3fc0 00000000 00000000 00000000 00000000  ................
 3fd0 00000000 00000000 00000000 00000000  ................
 3fe0 00000000 00000000                    ........        
Contents of section .got.plt:
 3fe8 103e0000 00000000 00000000 00000000  .>..............
 3ff8 00000000 00000000                    ........        
Contents of section .data:
 4000 00000000 00000000 08400000 00000000  .........@......
Contents of section .comment:
 0000 4743433a 20284465 6269616e 2031352e  GCC: (Debian 15.
 0010 332e302d 32292031 352e332e 3000      3.0-2) 15.3.0.  

Disassembly of section .init:

0000000000001000 <_init>:
    1000:	sub    rsp,0x8
    1004:	mov    rax,QWORD PTR [rip+0x2fc5]        # 3fd0 <__gmon_start__>
    100b:	test   rax,rax
    100e:	je     1012 <_init+0x12>
    1010:	call   rax
    1012:	add    rsp,0x8
    1016:	ret

Disassembly of section .plt:

0000000000001020 <.plt>:
    1020:	push   QWORD PTR [rip+0x2fca]        # 3ff0 <_GLOBAL_OFFSET_TABLE_+0x8>
    1026:	jmp    QWORD PTR [rip+0x2fcc]        # 3ff8 <_GLOBAL_OFFSET_TABLE_+0x10>
    102c:	nop    DWORD PTR [rax+0x0]

Disassembly of section .plt.got:

0000000000001030 <__cxa_finalize@plt>:
    1030:	jmp    QWORD PTR [rip+0x2faa]        # 3fe0 <__cxa_finalize@GLIBC_2.2.5>
    1036:	xchg   ax,ax

Disassembly of section .text:

0000000000001040 <_start>:
    1040:	xor    ebp,ebp
    1042:	mov    r9,rdx
    1045:	pop    rsi
    1046:	mov    rdx,rsp
    1049:	and    rsp,0xfffffffffffffff0
    104d:	push   rax
    104e:	push   rsp
    104f:	xor    r8d,r8d
    1052:	xor    ecx,ecx
    1054:	lea    rdi,[rip+0xce]        # 1129 <main>
    105b:	call   QWORD PTR [rip+0x2f5f]        # 3fc0 <__libc_start_main@GLIBC_2.34>
    1061:	hlt
    1062:	cs nop WORD PTR [rax+rax*1+0x0]
    106c:	nop    DWORD PTR [rax+0x0]

0000000000001070 <deregister_tm_clones>:
    1070:	lea    rdi,[rip+0x2f99]        # 4010 <__TMC_END__>
    1077:	lea    rax,[rip+0x2f92]        # 4010 <__TMC_END__>
    107e:	cmp    rax,rdi
    1081:	je     1098 <deregister_tm_clones+0x28>
    1083:	mov    rax,QWORD PTR [rip+0x2f3e]        # 3fc8 <_ITM_deregisterTMCloneTable>
    108a:	test   rax,rax
    108d:	je     1098 <deregister_tm_clones+0x28>
    108f:	jmp    rax
    1091:	nop    DWORD PTR [rax+0x0]
    1098:	ret
    1099:	nop    DWORD PTR [rax+0x0]

00000000000010a0 <register_tm_clones>:
    10a0:	lea    rdi,[rip+0x2f69]        # 4010 <__TMC_END__>
    10a7:	lea    rsi,[rip+0x2f62]        # 4010 <__TMC_END__>
    10ae:	sub    rsi,rdi
    10b1:	mov    rax,rsi
    10b4:	shr    rsi,0x3f
    10b8:	sar    rax,0x3
    10bc:	add    rsi,rax
    10bf:	sar    rsi,1
    10c2:	je     10d8 <register_tm_clones+0x38>
    10c4:	mov    rax,QWORD PTR [rip+0x2f0d]        # 3fd8 <_ITM_registerTMCloneTable>
    10cb:	test   rax,rax
    10ce:	je     10d8 <register_tm_clones+0x38>
    10d0:	jmp    rax
    10d2:	nop    WORD PTR [rax+rax*1+0x0]
    10d8:	ret
    10d9:	nop    DWORD PTR [rax+0x0]

00000000000010e0 <__do_global_dtors_aux>:
    10e0:	endbr64
    10e4:	cmp    BYTE PTR [rip+0x2f25],0x0        # 4010 <__TMC_END__>
    10eb:	jne    1118 <__do_global_dtors_aux+0x38>
    10ed:	push   rbp
    10ee:	cmp    QWORD PTR [rip+0x2eea],0x0        # 3fe0 <__cxa_finalize@GLIBC_2.2.5>
    10f6:	mov    rbp,rsp
    10f9:	je     1107 <__do_global_dtors_aux+0x27>
    10fb:	mov    rdi,QWORD PTR [rip+0x2f06]        # 4008 <__dso_handle>
    1102:	call   1030 <__cxa_finalize@plt>
    1107:	call   1070 <deregister_tm_clones>
    110c:	mov    BYTE PTR [rip+0x2efd],0x1        # 4010 <__TMC_END__>
    1113:	pop    rbp
    1114:	ret
    1115:	nop    DWORD PTR [rax]
    1118:	ret
    1119:	nop    DWORD PTR [rax+0x0]

0000000000001120 <frame_dummy>:
    1120:	endbr64
    1124:	jmp    10a0 <register_tm_clones>

0000000000001129 <main>:
    1129:	push   rbp
    112a:	mov    rbp,rsp
    112d:	sub    rsp,0x28
    1131:	mov    DWORD PTR [rbp-0xa0],0x46
    113b:	mov    DWORD PTR [rbp-0x9c],0x45
    1145:	mov    DWORD PTR [rbp-0x98],0x44
    114f:	mov    DWORD PTR [rbp-0x94],0x4b
    1159:	mov    DWORD PTR [rbp-0x90],0x78
    1163:	mov    DWORD PTR [rbp-0x8c],0x73
    116d:	mov    DWORD PTR [rbp-0x88],0x70
    1177:	mov    DWORD PTR [rbp-0x84],0x34
    1181:	mov    DWORD PTR [rbp-0x80],0x3b
    1188:	mov    DWORD PTR [rbp-0x7c],0x60
    118f:	mov    DWORD PTR [rbp-0x78],0x68
    1196:	mov    DWORD PTR [rbp-0x74],0x58
    119d:	mov    DWORD PTR [rbp-0x70],0x66
    11a4:	mov    DWORD PTR [rbp-0x6c],0x6d
    11ab:	mov    DWORD PTR [rbp-0x68],0x36
    11b2:	mov    DWORD PTR [rbp-0x64],0x65
    11b9:	mov    DWORD PTR [rbp-0x60],0x6c
    11c0:	mov    DWORD PTR [rbp-0x5c],0x62
    11c7:	mov    DWORD PTR [rbp-0x58],0x62
    11ce:	mov    DWORD PTR [rbp-0x54],0x33
    11d5:	mov    DWORD PTR [rbp-0x50],0x74
    11dc:	mov    DWORD PTR [rbp-0x4c],0x58
    11e3:	mov    DWORD PTR [rbp-0x48],0x51
    11ea:	mov    DWORD PTR [rbp-0x44],0x3d
    11f1:	mov    DWORD PTR [rbp-0x40],0x6d
    11f8:	mov    DWORD PTR [rbp-0x3c],0x74
    11ff:	mov    DWORD PTR [rbp-0x38],0x2c
    1206:	mov    DWORD PTR [rbp-0x34],0x71
    120d:	mov    DWORD PTR [rbp-0x30],0x68
    1214:	mov    DWORD PTR [rbp-0x2c],0x33
    121b:	mov    DWORD PTR [rbp-0x28],0x5f
    1222:	mov    DWORD PTR [rbp-0x24],0x6c
    1229:	mov    DWORD PTR [rbp-0x20],0x7a
    1230:	mov    DWORD PTR [rbp-0x1c],0x3d
    1237:	mov    DWORD PTR [rbp-0x18],0x77
    123e:	mov    DWORD PTR [rbp-0x14],0x63
    1245:	mov    DWORD PTR [rbp-0x10],0x61
    124c:	mov    DWORD PTR [rbp-0xc],0x24
    1253:	mov    DWORD PTR [rbp-0x8],0x71
    125a:	mov    DWORD PTR [rbp-0x4],0x0
    1261:	jmp    133f <main+0x216>
    1266:	mov    ecx,DWORD PTR [rbp-0x4]
    1269:	movsxd rax,ecx
    126c:	imul   rax,rax,0x66666667
    1273:	shr    rax,0x20
    1277:	sar    eax,1
    1279:	mov    edx,ecx
    127b:	sar    edx,0x1f
    127e:	sub    eax,edx
    1280:	mov    edx,eax
    1282:	shl    edx,0x2
    1285:	add    edx,eax
    1287:	mov    eax,ecx
    1289:	sub    eax,edx
    128b:	cmp    eax,0x4
    128e:	je     131b <main+0x1f2>
    1294:	cmp    eax,0x4
    1297:	jg     133b <main+0x212>
    129d:	cmp    eax,0x3
    12a0:	je     12fc <main+0x1d3>
    12a2:	cmp    eax,0x3
    12a5:	jg     133b <main+0x212>
    12ab:	cmp    eax,0x2
    12ae:	je     12df <main+0x1b6>
    12b0:	cmp    eax,0x2
    12b3:	jg     133b <main+0x212>
    12b9:	test   eax,eax
    12bb:	je     133a <main+0x211>
    12bd:	cmp    eax,0x1
    12c0:	jne    133b <main+0x212>
    12c2:	mov    eax,DWORD PTR [rbp-0x4]
    12c5:	cdqe
    12c7:	mov    eax,DWORD PTR [rbp+rax*4-0xa0]
    12ce:	lea    edx,[rax+0x7]
    12d1:	mov    eax,DWORD PTR [rbp-0x4]
    12d4:	cdqe
    12d6:	mov    DWORD PTR [rbp+rax*4-0xa0],edx
    12dd:	jmp    133b <main+0x212>
    12df:	mov    eax,DWORD PTR [rbp-0x4]
    12e2:	cdqe
    12e4:	mov    eax,DWORD PTR [rbp+rax*4-0xa0]
    12eb:	lea    edx,[rax-0x3]
    12ee:	mov    eax,DWORD PTR [rbp-0x4]
    12f1:	cdqe
    12f3:	mov    DWORD PTR [rbp+rax*4-0xa0],edx
    12fa:	jmp    133b <main+0x212>
    12fc:	mov    eax,DWORD PTR [rbp-0x4]
    12ff:	cdqe
    1301:	mov    eax,DWORD PTR [rbp+rax*4-0xa0]
    1308:	xor    eax,0xc
    130b:	mov    edx,eax
    130d:	mov    eax,DWORD PTR [rbp-0x4]
    1310:	cdqe
    1312:	mov    DWORD PTR [rbp+rax*4-0xa0],edx
    1319:	jmp    133b <main+0x212>
    131b:	mov    eax,DWORD PTR [rbp-0x4]
    131e:	cdqe
    1320:	mov    eax,DWORD PTR [rbp+rax*4-0xa0]
    1327:	xor    eax,0x3
    132a:	mov    edx,eax
    132c:	mov    eax,DWORD PTR [rbp-0x4]
    132f:	cdqe
    1331:	mov    DWORD PTR [rbp+rax*4-0xa0],edx
    1338:	jmp    133b <main+0x212>
    133a:	nop
    133b:	add    DWORD PTR [rbp-0x4],0x1
    133f:	cmp    DWORD PTR [rbp-0x4],0x26
    1343:	jle    1266 <main+0x13d>
    1349:	mov    eax,0x0
    134e:	leave
    134f:	ret

Disassembly of section .fini:

0000000000001350 <_fini>:
    1350:	sub    rsp,0x8
    1354:	add    rsp,0x8
    1358:	ret
